 game_shader_generic_deferred

 Timestamp is 65ce9345 (Thu Feb 15 23:42:13 2024)

 Preferred load address is 10000000

 Start         Length     Name                   Class
 0001:00000000 0001be6cH .text                   CODE
 0001:0001be70 00000e35H .text$yc                CODE
 0001:0001ccb0 000001beH .text$yd                CODE
 0002:00000000 00000128H .idata$5                DATA
 0002:00000128 00000004H .CRT$XCA                DATA
 0002:0000012c 000001b4H .CRT$XCU                DATA
 0002:000002e0 00000004H .CRT$XCZ                DATA
 0002:000002e4 00000004H .CRT$XIA                DATA
 0002:000002e8 00000014H .CRT$XIC                DATA
 0002:000002fc 00000004H .CRT$XIZ                DATA
 0002:00000300 00000004H .CRT$XPA                DATA
 0002:00000304 00000004H .CRT$XPX                DATA
 0002:00000308 00000004H .CRT$XPXA               DATA
 0002:0000030c 00000004H .CRT$XPZ                DATA
 0002:00000310 00000004H .CRT$XTA                DATA
 0002:00000314 00000004H .CRT$XTZ                DATA
 0002:00000320 00018c58H .rdata                  DATA
 0002:00018f78 0000008dH .rdata$debug            DATA
 0002:00019008 00000d44H .rdata$r                DATA
 0002:00019d50 0000000cH .rdata$sxdata           DATA
 0002:00019d5c 00000004H .rtc$IAA                DATA
 0002:00019d60 00000004H .rtc$IZZ                DATA
 0002:00019d64 00000004H .rtc$TAA                DATA
 0002:00019d68 00000004H .rtc$TZZ                DATA
 0002:00019d70 00000384H .xdata$x                DATA
 0002:0001a0f4 00000028H .idata$2                DATA
 0002:0001a11c 00000014H .idata$3                DATA
 0002:0001a130 00000128H .idata$4                DATA
 0002:0001a258 00000530H .idata$6                DATA
 0002:0001a790 00000063H .edata                  DATA
 0003:00000000 00002eacH .data                   DATA
 0003:00002ec0 00013ae4H .bss                    DATA

  Address         Publics by Value              Rva+Base       Lib:Object

 0000:00000000       __except_list              00000000     <absolute>
 0000:00000003       ___safe_se_handler_count   00000003     <absolute>
 0000:00000000       ___ImageBase               10000000     <linker-defined>
 0001:00000000       ?LoadViewMatrixIntoVertexShaderConstant@CBaseVSShader@@QAEXH@Z 10001000 f   BaseVSShader.obj
 0001:00000050       ?SetHWMorphVertexShaderState@CBaseVSShader@@QAEXHHW4VertexTextureSampler_t@@@Z 10001050 f   BaseVSShader.obj
 0001:00000160       ?GetName@CShader@GAUSSIAN_BLUR_6@@UBEPBDXZ 10001160 f i blur.obj
 0001:00000170       ?GetFlags@CShader@GAUSSIAN_BLUR_6@@UBEHXZ 10001170 f i blur.obj
 0001:00000180       ?OnDrawElements@CShader@GAUSSIAN_BLUR_6@@UAEXPAPAVIMaterialVar@@PAVIShaderShadow@@PAVIShaderDynamicAPI@@W4VertexCompressionType_t@@PAPAVCBasePerMaterialContextData@@@Z 10001180 f i blur.obj
 0001:000002b0       ?GetParamCount@CShader@GAUSSIAN_BLUR_6@@UBEHXZ 100012b0 f i blur.obj
 0001:000002c0       ?GetParamInfo@CShader@GAUSSIAN_BLUR_6@@UBEABUShaderParamInfo_t@@H@Z 100012c0 f i blur.obj
 0001:000002f0       ??0CShaderParam@GAUSSIAN_BLUR_6@@QAE@PBDW4ShaderParamType_t@@00H@Z 100012f0 f i blur.obj
 0001:00000390       ?GetName@CShader@DEBUG_LIGHTING_CTRL@@UBEPBDXZ 10001390 f i debug_lightingctrl.obj
 0001:000003a0       ?GetFlags@CShader@DEBUG_LIGHTING_CTRL@@UBEHXZ 100013a0 f i debug_lightingctrl.obj
 0001:000003b0       ?OnInitShaderInstance@CShader@RADIOSITY_BLEND@@UAEXPAPAVIMaterialVar@@PAVIShaderInit@@PBD@Z 100013b0 f i radiosity_blend.obj
 0001:000003b0       ?OnInitShaderInstance@CShader@RADIOSITY_GLOBAL@@UAEXPAPAVIMaterialVar@@PAVIShaderInit@@PBD@Z 100013b0 f i radiosity_global.obj
 0001:000003b0       ?OnInitShaderInstance@CShader@SCREENSPACE_SHADING@@UAEXPAPAVIMaterialVar@@PAVIShaderInit@@PBD@Z 100013b0 f i screenspace_shading.obj
 0001:000003b0       ?OnInitShaderInstance@CShader@LIGHTING_GLOBAL@@UAEXPAPAVIMaterialVar@@PAVIShaderInit@@PBD@Z 100013b0 f i lighting_global.obj
 0001:000003b0       ?OnInitShaderInstance@CShader@DEBUG_LIGHTING_CTRL@@UAEXPAPAVIMaterialVar@@PAVIShaderInit@@PBD@Z 100013b0 f i debug_lightingctrl.obj
 0001:000003b0       ?OnInitShaderInstance@CShader@VOLUME_PREPASS@@UAEXPAPAVIMaterialVar@@PAVIShaderInit@@PBD@Z 100013b0 f i volume_prepass.obj
 0001:000003b0       ?OnInitShaderInstance@CShader@SCREENSPACE_COMBINE@@UAEXPAPAVIMaterialVar@@PAVIShaderInit@@PBD@Z 100013b0 f i screenspace_combine.obj
 0001:000003b0       ?OnInitShaderInstance@CShader@DEBUG_SHADOW@@UAEXPAPAVIMaterialVar@@PAVIShaderInit@@PBD@Z 100013b0 f i debug_shadow.obj
 0001:000003b0       ?OnInitShaderInstance@CShader@DEBUG_RADIOSITY_GRID@@UAEXPAPAVIMaterialVar@@PAVIShaderInit@@PBD@Z 100013b0 f i debug_radiosity_grid.obj
 0001:000003c0       ?OnDrawElements@CShader@DEBUG_LIGHTING_CTRL@@UAEXPAPAVIMaterialVar@@PAVIShaderShadow@@PAVIShaderDynamicAPI@@W4VertexCompressionType_t@@PAPAVCBasePerMaterialContextData@@@Z 100013c0 f i debug_lightingctrl.obj
 0001:00000500       ?GetParamCount@CShader@DEBUG_LIGHTING_CTRL@@UBEHXZ 10001500 f i debug_lightingctrl.obj
 0001:00000510       ?GetParamInfo@CShader@DEBUG_LIGHTING_CTRL@@UBEABUShaderParamInfo_t@@H@Z 10001510 f i debug_lightingctrl.obj
 0001:00000540       ?GetName@CShader@DEBUG_RADIOSITY_GRID@@UBEPBDXZ 10001540 f i debug_radiosity_grid.obj
 0001:00000550       ?GetFlags@CShader@DEBUG_RADIOSITY_GRID@@UBEHXZ 10001550 f i debug_radiosity_grid.obj
 0001:00000560       ?OnDrawElements@CShader@DEBUG_RADIOSITY_GRID@@UAEXPAPAVIMaterialVar@@PAVIShaderShadow@@PAVIShaderDynamicAPI@@W4VertexCompressionType_t@@PAPAVCBasePerMaterialContextData@@@Z 10001560 f i debug_radiosity_grid.obj
 0001:00000610       ?GetParamCount@CShader@DEBUG_RADIOSITY_GRID@@UBEHXZ 10001610 f i debug_radiosity_grid.obj
 0001:00000620       ?GetParamInfo@CShader@DEBUG_RADIOSITY_GRID@@UBEABUShaderParamInfo_t@@H@Z 10001620 f i debug_radiosity_grid.obj
 0001:00000650       ?GetName@CShader@DEBUG_SHADOW@@UBEPBDXZ 10001650 f i debug_shadow.obj
 0001:00000660       ?GetFlags@CShader@DEBUG_SHADOW@@UBEHXZ 10001660 f i debug_shadow.obj
 0001:00000670       ?OnDrawElements@CShader@DEBUG_SHADOW@@UAEXPAPAVIMaterialVar@@PAVIShaderShadow@@PAVIShaderDynamicAPI@@W4VertexCompressionType_t@@PAPAVCBasePerMaterialContextData@@@Z 10001670 f i debug_shadow.obj
 0001:00000900       ?GetParamCount@CShader@DEBUG_SHADOW@@UBEHXZ 10001900 f i debug_shadow.obj
 0001:00000910       ?GetParamInfo@CShader@DEBUG_SHADOW@@UBEABUShaderParamInfo_t@@H@Z 10001910 f i debug_shadow.obj
 0001:00000940       ??_GCBasePerMaterialContextData@@UAEPAXI@Z 10001940 f i deferred_brush.obj
 0001:00000940       ??_ECBasePerMaterialContextData@@UAEPAXI@Z 10001940 f i deferred_brush.obj
 0001:00000970       ??_ECDeferredPerMaterialContextData@@UAEPAXI@Z 10001970 f i deferred_brush.obj
 0001:00000970       ??_GCDeferredPerMaterialContextData@@UAEPAXI@Z 10001970 f i deferred_brush.obj
 0001:000009d0       ?SetupParmsGBuffer@CShader@DEFERRED_BRUSH@@QAEXAAUdefParms_gBuffer@@@Z 100019d0 f i deferred_brush.obj
 0001:00000a80       ?SetupParmsComposite@CShader@DEFERRED_BRUSH@@QAEXAAUdefParms_composite@@@Z 10001a80 f i deferred_brush.obj
 0001:00000b70       ?OnInitShaderParams@CShader@DEFERRED_BRUSH@@UAEXPAPAVIMaterialVar@@PBD@Z 10001b70 f i deferred_brush.obj
 0001:00000ca0       ?GetName@CShader@DEFERRED_BRUSH@@UBEPBDXZ 10001ca0 f i deferred_brush.obj
 0001:00000cb0       ?GetFlags@CShader@DEFERRED_BRUSH@@UBEHXZ 10001cb0 f i deferred_brush.obj
 0001:00000cc0       ?OnInitShaderInstance@CShader@DEFERRED_BRUSH@@UAEXPAPAVIMaterialVar@@PAVIShaderInit@@PBD@Z 10001cc0 f i deferred_brush.obj
 0001:00000dc0       ?GetFallbackShader@CShader@DEFERRED_BRUSH@@UBEPBDPAPAVIMaterialVar@@@Z 10001dc0 f i deferred_brush.obj
 0001:00000e40       ?OnDrawElements@CShader@DEFERRED_BRUSH@@UAEXPAPAVIMaterialVar@@PAVIShaderShadow@@PAVIShaderDynamicAPI@@W4VertexCompressionType_t@@PAPAVCBasePerMaterialContextData@@@Z 10001e40 f i deferred_brush.obj
 0001:00001020       ?GetParamCount@CShader@DEFERRED_BRUSH@@UBEHXZ 10002020 f i deferred_brush.obj
 0001:00001030       ?GetParamInfo@CShader@DEFERRED_BRUSH@@UBEABUShaderParamInfo_t@@H@Z 10002030 f i deferred_brush.obj
 0001:00001060       ??0CShaderParam@DEFERRED_BRUSH@@QAE@PBDW4ShaderParamType_t@@00H@Z 10002060 f i deferred_brush.obj
 0001:00001100       ??0decalmodulate_vs20_Static_Index@@QAE@PAVIShaderShadow@@PAPAVIMaterialVar@@@Z 10002100 f i deferred_decalModulate.obj
 0001:00001150       ??0decalmodulate_vs30_Dynamic_Index@@QAE@PAVIShaderDynamicAPI@@@Z 10002150 f i deferred_decalModulate.obj
 0001:000011a0       ?OnInitShaderParams@CShader@DEFERRED_DECALMODULATE@@UAEXPAPAVIMaterialVar@@PBD@Z 100021a0 f i deferred_decalModulate.obj
 0001:00001250       ?GetName@CShader@DEFERRED_DECALMODULATE@@UBEPBDXZ 10002250 f i deferred_decalModulate.obj
 0001:00001260       ?GetFlags@CShader@DEFERRED_DECALMODULATE@@UBEHXZ 10002260 f i deferred_decalModulate.obj
 0001:00001270       ?OnInitShaderInstance@CShader@DEFERRED_DECALMODULATE@@UAEXPAPAVIMaterialVar@@PAVIShaderInit@@PBD@Z 10002270 f i deferred_decalModulate.obj
 0001:00001280       ?OnDrawElements@CShader@DEFERRED_DECALMODULATE@@UAEXPAPAVIMaterialVar@@PAVIShaderShadow@@PAVIShaderDynamicAPI@@W4VertexCompressionType_t@@PAPAVCBasePerMaterialContextData@@@Z 10002280 f i deferred_decalModulate.obj
 0001:00001880       ?GetParamCount@CShader@DEFERRED_DECALMODULATE@@UBEHXZ 10002880 f i deferred_decalModulate.obj
 0001:00001890       ?Grow@?$CUtlMemory@PAVCShaderParam@DEFERRED_DECALMODULATE@@H@@QAEXH@Z 10002890 f i deferred_decalModulate.obj
 0001:00001890       ?Grow@?$CUtlMemory@PAVCShaderParam@LIGHTING_VOLUME@@H@@QAEXH@Z 10002890 f i lighting_volume.obj
 0001:00001890       ?Grow@?$CUtlMemory@PAVCShaderParam@DEFERRED_MODEL@@H@@QAEXH@Z 10002890 f i deferred_model.obj
 0001:00001890       ?Grow@?$CUtlMemory@PAVIShader@@H@@QAEXH@Z 10002890 f i shaderlib:ShaderDLL.obj
 0001:00001890       ?Grow@?$CUtlMemory@PAVCShaderParam@RADIOSITY_PROPAGATE@@H@@QAEXH@Z 10002890 f i radiosity_propagate.obj
 0001:00001890       ?Grow@?$CUtlMemory@PAVCShaderParam@LIGHTING_WORLD@@H@@QAEXH@Z 10002890 f i lighting_world.obj
 0001:00001890       ?Grow@?$CUtlMemory@PAVCShaderParam@DEFERRED_BRUSH@@H@@QAEXH@Z 10002890 f i deferred_brush.obj
 0001:00001890       ?Grow@?$CUtlMemory@PAVCShaderParam@GAUSSIAN_BLUR_6@@H@@QAEXH@Z 10002890 f i blur.obj
 0001:00001920       ?GetParamInfo@CShader@DEFERRED_DECALMODULATE@@UBEABUShaderParamInfo_t@@H@Z 10002920 f i deferred_decalModulate.obj
 0001:00001950       ??0CShaderParam@DEFERRED_DECALMODULATE@@QAE@PBDW4ShaderParamType_t@@00H@Z 10002950 f i deferred_decalModulate.obj
 0001:000019f0       ?SetupParmsComposite@CShader@DEFERRED_MODEL@@QAEXAAUdefParms_composite@@@Z 100029f0 f i deferred_model.obj
 0001:00001ab0       ?OnInitShaderParams@CShader@DEFERRED_MODEL@@UAEXPAPAVIMaterialVar@@PBD@Z 10002ab0 f i deferred_model.obj
 0001:00001be0       ?GetName@CShader@DEFERRED_MODEL@@UBEPBDXZ 10002be0 f i deferred_model.obj
 0001:00001bf0       ?GetFlags@CShader@DEFERRED_MODEL@@UBEHXZ 10002bf0 f i deferred_model.obj
 0001:00001c00       ?OnInitShaderInstance@CShader@DEFERRED_MODEL@@UAEXPAPAVIMaterialVar@@PAVIShaderInit@@PBD@Z 10002c00 f i deferred_model.obj
 0001:00001d00       ?GetFallbackShader@CShader@DEFERRED_MODEL@@UBEPBDPAPAVIMaterialVar@@@Z 10002d00 f i deferred_model.obj
 0001:00001d40       ?OnDrawElements@CShader@DEFERRED_MODEL@@UAEXPAPAVIMaterialVar@@PAVIShaderShadow@@PAVIShaderDynamicAPI@@W4VertexCompressionType_t@@PAPAVCBasePerMaterialContextData@@@Z 10002d40 f i deferred_model.obj
 0001:00001f20       ?GetParamCount@CShader@DEFERRED_MODEL@@UBEHXZ 10002f20 f i deferred_model.obj
 0001:00001f30       ?GetParamInfo@CShader@DEFERRED_MODEL@@UBEABUShaderParamInfo_t@@H@Z 10002f30 f i deferred_model.obj
 0001:00001f60       ??0CShaderParam@DEFERRED_MODEL@@QAE@PBDW4ShaderParamType_t@@00H@Z 10002f60 f i deferred_model.obj
 0001:00002000       ?GetTexcoordSettings@@YAX_N0AAHPAPAH@Z 10003000 f   deferred_utility.obj
 0001:00002050       ?SetCommands@CDeferredPerMaterialContextData@@QAEXW4DefStage_t@1@PAE@Z 10003050 f i defpass_composite.obj
 0001:000020e0       ?GetIndex@composite_ps30_Static_Index@@QAEHXZ 100030e0 f i defpass_composite.obj
 0001:00002140       ?InitParmsComposite@@YAXABUdefParms_composite@@PAVCBaseVSShader@@PAPAVIMaterialVar@@@Z 10003140 f   defpass_composite.obj
 0001:000023f0       ?InitPassComposite@@YAXABUdefParms_composite@@PAVCBaseVSShader@@PAPAVIMaterialVar@@@Z 100033f0 f   defpass_composite.obj
 0001:00002560       ?SetVertexShaderTextureTransform@?$CCommandBufferBuilder@V?$CFixedCommandStorageBuffer@$0CAA@@@@@QAEXHH@Z 10003560 f i defpass_composite.obj
 0001:00002640       ?DrawPassComposite@@YAXABUdefParms_composite@@PAVCBaseVSShader@@PAPAVIMaterialVar@@PAVIShaderShadow@@PAVIShaderDynamicAPI@@W4VertexCompressionType_t@@PAVCDeferredPerMaterialContextData@@@Z 10003640 f   defpass_composite.obj
 0001:00003e40       ?InitParmsGBuffer@@YAXABUdefParms_gBuffer@@PAVCBaseVSShader@@PAPAVIMaterialVar@@@Z 10004e40 f   defpass_gbuffer.obj
 0001:00003f00       ?InitPassGBuffer@@YAXABUdefParms_gBuffer@@PAVCBaseVSShader@@PAPAVIMaterialVar@@@Z 10004f00 f   defpass_gbuffer.obj
 0001:00004050       ?DrawPassGBuffer@@YAXABUdefParms_gBuffer@@PAVCBaseVSShader@@PAPAVIMaterialVar@@PAVIShaderShadow@@PAVIShaderDynamicAPI@@W4VertexCompressionType_t@@PAVCDeferredPerMaterialContextData@@@Z 10005050 f   defpass_gbuffer.obj
 0001:00005200       ?InitParmsShadowPass@@YAXABUdefParms_shadow@@PAVCBaseVSShader@@PAPAVIMaterialVar@@@Z 10006200 f   defpass_shadow.obj
 0001:00005260       ?InitPassShadowPass@@YAXABUdefParms_shadow@@PAVCBaseVSShader@@PAPAVIMaterialVar@@@Z 10006260 f   defpass_shadow.obj
 0001:00005300       ?DrawPassShadowPass@@YAXABUdefParms_shadow@@PAVCBaseVSShader@@PAPAVIMaterialVar@@PAVIShaderShadow@@PAVIShaderDynamicAPI@@W4VertexCompressionType_t@@PAVCDeferredPerMaterialContextData@@@Z 10006300 f   defpass_shadow.obj
 0001:00005ce0       ?EnableDeferredLighting@CDeferredExtension@@UAEXXZ 10006ce0 f   IDeferredExt.obj
 0001:00005cf0       ?IsDeferredLightingEnabled@CDeferredExtension@@QAE_NXZ 10006cf0 f   IDeferredExt.obj
 0001:00005d00       ?CommitOrigin@CDeferredExtension@@UAEXABVVector@@@Z 10006d00 f   IDeferredExt.obj
 0001:00005d20       ?CommitViewForward@CDeferredExtension@@UAEXABVVector@@@Z 10006d20 f   IDeferredExt.obj
 0001:00005d40       ?CommitZDists@CDeferredExtension@@UAEXABM0@Z 10006d40 f   IDeferredExt.obj
 0001:00005d60       ?CommitZScale@CDeferredExtension@@UAEXABM@Z 10006d60 f   IDeferredExt.obj
 0001:00005d70       ?CommitFrustumDeltas@CDeferredExtension@@UAEXABVVMatrix@@@Z 10006d70 f   IDeferredExt.obj
 0001:00005d80       ??4shadowData_ortho_t@@QAEAAU0@ABU0@@Z 10006d80 f i IDeferredExt.obj
 0001:00005df0       ?CommitShadowData_General@CDeferredExtension@@UAEXABUshadowData_general_t@@@Z 10006df0 f   IDeferredExt.obj
 0001:00005e20       ?CommitVolumeData@CDeferredExtension@@UAEXABUvolumeData_t@@@Z 10006e20 f   IDeferredExt.obj
 0001:00005e60       ??4lightData_Global_t@@QAEAAU0@ABU0@@Z 10006e60 f i IDeferredExt.obj
 0001:00005e60       ??0lightData_Global_t@@QAE@ABU0@@Z 10006e60 f i lighting_global.obj
 0001:00005ef0       ?CommitLightData_Common@CDeferredExtension@@UAEPAMPAMHHHHH@Z 10006ef0 f   IDeferredExt.obj
 0001:00005f40       ?CommitTexture_General@CDeferredExtension@@UAEXPAVITexture@@00@Z 10006f40 f   IDeferredExt.obj
 0001:00005f70       ?CommitTexture_CascadedDepth@CDeferredExtension@@UAEXABHPAVITexture@@@Z 10006f70 f   IDeferredExt.obj
 0001:00005f90       ?CommitTexture_DualParaboloidDepth@CDeferredExtension@@UAEXABHPAVITexture@@@Z 10006f90 f   IDeferredExt.obj
 0001:00005fb0       ?CommitTexture_ProjectedDepth@CDeferredExtension@@UAEXABHPAVITexture@@@Z 10006fb0 f   IDeferredExt.obj
 0001:00005fd0       ?CommitTexture_Cookie@CDeferredExtension@@UAEXABHPAVITexture@@@Z 10006fd0 f   IDeferredExt.obj
 0001:00005ff0       ?CommitTexture_VolumePrePass@CDeferredExtension@@UAEXPAVITexture@@@Z 10006ff0 f   IDeferredExt.obj
 0001:00006000       ?CommitTexture_ShadowRadOutput_Ortho@CDeferredExtension@@UAEXPAVITexture@@0@Z 10007000 f   IDeferredExt.obj
 0001:00006020       ?CommitTexture_Radiosity@CDeferredExtension@@UAEXPAVITexture@@000@Z 10007020 f   IDeferredExt.obj
 0001:00006050       ?IsRadiosityEnabled@CDeferredExtension@@QAE_NXZ 10007050 f   IDeferredExt.obj
 0001:00006090       ?CommitShadowData_Ortho@CDeferredExtension@@UAEXABHABUshadowData_ortho_t@@@Z 10007090 f   IDeferredExt.obj
 0001:000060b0       ?CommitShadowData_Proj@CDeferredExtension@@UAEXABHABUshadowData_proj_t@@@Z 100070b0 f   IDeferredExt.obj
 0001:00006120       ?CommitRadiosityData@CDeferredExtension@@UAEXABUradiosityData_t@@@Z 10007120 f   IDeferredExt.obj
 0001:00006160       ?CommitLightData_Global@CDeferredExtension@@UAEXABUlightData_Global_t@@@Z 10007160 f   IDeferredExt.obj
 0001:00006170       ??0CDeferredExtension@@QAE@XZ 10007170 f   IDeferredExt.obj
 0001:000062e0       ??_ECDeferredExtension@@UAEPAXI@Z 100072e0 f i IDeferredExt.obj
 0001:000062e0       ??_GIBaseInterface@@UAEPAXI@Z 100072e0 f i IDeferredExt.obj
 0001:000062e0       ??_EIBaseInterface@@UAEPAXI@Z 100072e0 f i IDeferredExt.obj
 0001:000062e0       ??_GCDeferredExtension@@UAEPAXI@Z 100072e0 f i IDeferredExt.obj
 0001:00006310       ?GetName@CShader@LIGHTING_GLOBAL@@UBEPBDXZ 10007310 f i lighting_global.obj
 0001:00006320       ?GetFlags@CShader@LIGHTING_GLOBAL@@UBEHXZ 10007320 f i lighting_global.obj
 0001:00006330       ?GetParamCount@CShader@LIGHTING_GLOBAL@@UBEHXZ 10007330 f i lighting_global.obj
 0001:00006340       ?OnDrawElements@CShader@LIGHTING_GLOBAL@@UAEXPAPAVIMaterialVar@@PAVIShaderShadow@@PAVIShaderDynamicAPI@@W4VertexCompressionType_t@@PAPAVCBasePerMaterialContextData@@@Z 10007340 f i lighting_global.obj
 0001:000066f0       ?GetParamInfo@CShader@LIGHTING_GLOBAL@@UBEABUShaderParamInfo_t@@H@Z 100076f0 f i lighting_global.obj
 0001:00006720       ?InitParmsLightPass@@YAXABUlightPassParms@@PAVCBaseVSShader@@PAPAVIMaterialVar@@@Z 10007720 f   lighting_pass_basic.obj
 0001:00006720       ?InitParmsLightPassVolum@@YAXABUlightPassParms@@PAVCBaseVSShader@@PAPAVIMaterialVar@@@Z 10007720 f   lighting_pass_volum.obj
 0001:00006760       ?InitPassLightPassVolum@@YAXABUlightPassParms@@PAVCBaseVSShader@@PAPAVIMaterialVar@@@Z 10007760 f   lighting_pass_volum.obj
 0001:00006760       ?InitPassLightPass@@YAXABUlightPassParms@@PAVCBaseVSShader@@PAPAVIMaterialVar@@@Z 10007760 f   lighting_pass_basic.obj
 0001:00006770       ?DrawPassLightPass@@YAXABUlightPassParms@@PAVCBaseVSShader@@PAPAVIMaterialVar@@PAVIShaderShadow@@PAVIShaderDynamicAPI@@W4VertexCompressionType_t@@@Z 10007770 f   lighting_pass_basic.obj
 0001:00006d10       ?DrawPassLightPassVolum@@YAXABUlightPassParms@@PAVCBaseVSShader@@PAPAVIMaterialVar@@PAVIShaderShadow@@PAVIShaderDynamicAPI@@W4VertexCompressionType_t@@@Z 10007d10 f   lighting_pass_volum.obj
 0001:00007120       ?OnInitShaderParams@CShader@LIGHTING_WORLD@@UAEXPAPAVIMaterialVar@@PBD@Z 10008120 f i lighting_world.obj
 0001:00007170       ?GetName@CShader@LIGHTING_WORLD@@UBEPBDXZ 10008170 f i lighting_world.obj
 0001:00007180       ?GetFlags@CShader@LIGHTING_WORLD@@UBEHXZ 10008180 f i lighting_world.obj
 0001:00007190       ?OnInitShaderInstance@CShader@LIGHTING_WORLD@@UAEXPAPAVIMaterialVar@@PAVIShaderInit@@PBD@Z 10008190 f i lighting_world.obj
 0001:000071e0       ?OnDrawElements@CShader@LIGHTING_WORLD@@UAEXPAPAVIMaterialVar@@PAVIShaderShadow@@PAVIShaderDynamicAPI@@W4VertexCompressionType_t@@PAPAVCBasePerMaterialContextData@@@Z 100081e0 f i lighting_world.obj
 0001:00007230       ?GetParamCount@CShader@LIGHTING_WORLD@@UBEHXZ 10008230 f i lighting_world.obj
 0001:00007240       ?GetParamInfo@CShader@LIGHTING_WORLD@@UBEABUShaderParamInfo_t@@H@Z 10008240 f i lighting_world.obj
 0001:00007270       ??0CShaderParam@LIGHTING_WORLD@@QAE@PBDW4ShaderParamType_t@@00H@Z 10008270 f i lighting_world.obj
 0001:00007310       ?OnInitShaderParams@CShader@LIGHTING_VOLUME@@UAEXPAPAVIMaterialVar@@PBD@Z 10008310 f i lighting_volume.obj
 0001:00007360       ?GetName@CShader@LIGHTING_VOLUME@@UBEPBDXZ 10008360 f i lighting_volume.obj
 0001:00007370       ?GetFlags@CShader@LIGHTING_VOLUME@@UBEHXZ 10008370 f i lighting_volume.obj
 0001:00007380       ?OnInitShaderInstance@CShader@LIGHTING_VOLUME@@UAEXPAPAVIMaterialVar@@PAVIShaderInit@@PBD@Z 10008380 f i lighting_volume.obj
 0001:000073d0       ?OnDrawElements@CShader@LIGHTING_VOLUME@@UAEXPAPAVIMaterialVar@@PAVIShaderShadow@@PAVIShaderDynamicAPI@@W4VertexCompressionType_t@@PAPAVCBasePerMaterialContextData@@@Z 100083d0 f i lighting_volume.obj
 0001:00007420       ?GetParamCount@CShader@LIGHTING_VOLUME@@UBEHXZ 10008420 f i lighting_volume.obj
 0001:00007430       ?GetParamInfo@CShader@LIGHTING_VOLUME@@UBEABUShaderParamInfo_t@@H@Z 10008430 f i lighting_volume.obj
 0001:00007460       ??0CShaderParam@LIGHTING_VOLUME@@QAE@PBDW4ShaderParamType_t@@00H@Z 10008460 f i lighting_volume.obj
 0001:00007500       ?GetName@CShader@RADIOSITY_BLEND@@UBEPBDXZ 10008500 f i radiosity_blend.obj
 0001:00007510       ?GetFlags@CShader@RADIOSITY_BLEND@@UBEHXZ 10008510 f i radiosity_blend.obj
 0001:00007520       ?OnDrawElements@CShader@RADIOSITY_BLEND@@UAEXPAPAVIMaterialVar@@PAVIShaderShadow@@PAVIShaderDynamicAPI@@W4VertexCompressionType_t@@PAPAVCBasePerMaterialContextData@@@Z 10008520 f i radiosity_blend.obj
 0001:00007710       ?GetParamCount@CShader@RADIOSITY_BLEND@@UBEHXZ 10008710 f i radiosity_blend.obj
 0001:00007720       ?GetParamInfo@CShader@RADIOSITY_BLEND@@UBEABUShaderParamInfo_t@@H@Z 10008720 f i radiosity_blend.obj
 0001:00007750       ?OnInitShaderParams@CShader@RADIOSITY_GLOBAL@@UAEXPAPAVIMaterialVar@@PBD@Z 10008750 f i radiosity_global.obj
 0001:00007750       ?OnInitShaderParams@CBaseShader@@UAEXPAPAVIMaterialVar@@PBD@Z 10008750 f i blur.obj
 0001:00007750       ?OnInitShaderParams@CShader@VOLUME_BLEND@@UAEXPAPAVIMaterialVar@@PBD@Z 10008750 f i volume_blend.obj
 0001:00007750       ?OnInitShaderParams@CShader@RADIOSITY_PROPAGATE@@UAEXPAPAVIMaterialVar@@PBD@Z 10008750 f i radiosity_propagate.obj
 0001:00007750       ?OnInitShaderParams@CShader@LIGHTING_GLOBAL@@UAEXPAPAVIMaterialVar@@PBD@Z 10008750 f i lighting_global.obj
 0001:00007750       ?OnInitShaderParams@CShader@SCREENSPACE_SHADING@@UAEXPAPAVIMaterialVar@@PBD@Z 10008750 f i screenspace_shading.obj
 0001:00007750       ?OnInitShaderParams@CShader@DEBUG_RADIOSITY_GRID@@UAEXPAPAVIMaterialVar@@PBD@Z 10008750 f i debug_radiosity_grid.obj
 0001:00007750       ?OnInitShaderParams@CShader@DEBUG_SHADOW@@UAEXPAPAVIMaterialVar@@PBD@Z 10008750 f i debug_shadow.obj
 0001:00007750       ?OnInitShaderParams@CShader@RADIOSITY_BLEND@@UAEXPAPAVIMaterialVar@@PBD@Z 10008750 f i radiosity_blend.obj
 0001:00007750       ?OnInitShaderParams@CShader@SCREENSPACE_COMBINE@@UAEXPAPAVIMaterialVar@@PBD@Z 10008750 f i screenspace_combine.obj
 0001:00007750       ?OnInitShaderParams@CShader@DEBUG_LIGHTING_CTRL@@UAEXPAPAVIMaterialVar@@PBD@Z 10008750 f i debug_lightingctrl.obj
 0001:00007750       ?OnInitShaderParams@CShader@VOLUME_PREPASS@@UAEXPAPAVIMaterialVar@@PBD@Z 10008750 f i volume_prepass.obj
 0001:00007750       ?OnInitShaderParams@CShader@GAUSSIAN_BLUR_6@@UAEXPAPAVIMaterialVar@@PBD@Z 10008750 f i blur.obj
 0001:00007760       ?GetName@CShader@RADIOSITY_GLOBAL@@UBEPBDXZ 10008760 f i radiosity_global.obj
 0001:00007770       ?GetFlags@CShader@RADIOSITY_GLOBAL@@UBEHXZ 10008770 f i radiosity_global.obj
 0001:00007780       ?GetParamCount@CShader@RADIOSITY_GLOBAL@@UBEHXZ 10008780 f i radiosity_global.obj
 0001:00007790       ?OnDrawElements@CShader@RADIOSITY_GLOBAL@@UAEXPAPAVIMaterialVar@@PAVIShaderShadow@@PAVIShaderDynamicAPI@@W4VertexCompressionType_t@@PAPAVCBasePerMaterialContextData@@@Z 10008790 f i radiosity_global.obj
 0001:000079c0       ?GetParamInfo@CShader@RADIOSITY_GLOBAL@@UBEABUShaderParamInfo_t@@H@Z 100089c0 f i radiosity_global.obj
 0001:000079f0       ?GetName@CShader@RADIOSITY_PROPAGATE@@UBEPBDXZ 100089f0 f i radiosity_propagate.obj
 0001:00007a00       ?GetFlags@CShader@RADIOSITY_PROPAGATE@@UBEHXZ 10008a00 f i radiosity_propagate.obj
 0001:00007a10       ?OnInitShaderInstance@CShader@RADIOSITY_PROPAGATE@@UAEXPAPAVIMaterialVar@@PAVIShaderInit@@PBD@Z 10008a10 f i radiosity_propagate.obj
 0001:00007a60       ?OnDrawElements@CShader@RADIOSITY_PROPAGATE@@UAEXPAPAVIMaterialVar@@PAVIShaderShadow@@PAVIShaderDynamicAPI@@W4VertexCompressionType_t@@PAPAVCBasePerMaterialContextData@@@Z 10008a60 f i radiosity_propagate.obj
 0001:00007b80       ?GetParamCount@CShader@RADIOSITY_PROPAGATE@@UBEHXZ 10008b80 f i radiosity_propagate.obj
 0001:00007b90       ?GetParamInfo@CShader@RADIOSITY_PROPAGATE@@UBEABUShaderParamInfo_t@@H@Z 10008b90 f i radiosity_propagate.obj
 0001:00007bc0       ??0CShaderParam@RADIOSITY_PROPAGATE@@QAE@PBDW4ShaderParamType_t@@00H@Z 10008bc0 f i radiosity_propagate.obj
 0001:00007c60       ?GetName@CShader@SCREENSPACE_COMBINE@@UBEPBDXZ 10008c60 f i screenspace_combine.obj
 0001:00007c70       ?GetFlags@CShader@SCREENSPACE_COMBINE@@UBEHXZ 10008c70 f i screenspace_combine.obj
 0001:00007c80       ?OnDrawElements@CShader@SCREENSPACE_COMBINE@@UAEXPAPAVIMaterialVar@@PAVIShaderShadow@@PAVIShaderDynamicAPI@@W4VertexCompressionType_t@@PAPAVCBasePerMaterialContextData@@@Z 10008c80 f i screenspace_combine.obj
 0001:00007d30       ?GetParamCount@CShader@SCREENSPACE_COMBINE@@UBEHXZ 10008d30 f i screenspace_combine.obj
 0001:00007d40       ?GetParamInfo@CShader@SCREENSPACE_COMBINE@@UBEABUShaderParamInfo_t@@H@Z 10008d40 f i screenspace_combine.obj
 0001:00007d70       ?GetName@CShader@SCREENSPACE_SHADING@@UBEPBDXZ 10008d70 f i screenspace_shading.obj
 0001:00007d80       ?GetFlags@CShader@SCREENSPACE_SHADING@@UBEHXZ 10008d80 f i screenspace_shading.obj
 0001:00007d90       ?OnDrawElements@CShader@SCREENSPACE_SHADING@@UAEXPAPAVIMaterialVar@@PAVIShaderShadow@@PAVIShaderDynamicAPI@@W4VertexCompressionType_t@@PAPAVCBasePerMaterialContextData@@@Z 10008d90 f i screenspace_shading.obj
 0001:00008050       ?GetParamCount@CShader@SCREENSPACE_SHADING@@UBEHXZ 10009050 f i screenspace_shading.obj
 0001:00008060       ?GetParamInfo@CShader@SCREENSPACE_SHADING@@UBEABUShaderParamInfo_t@@H@Z 10009060 f i screenspace_shading.obj
 0001:00008090       ?GetName@CShader@VOLUME_BLEND@@UBEPBDXZ 10009090 f i volume_blend.obj
 0001:000080a0       ?GetFlags@CShader@VOLUME_BLEND@@UBEHXZ 100090a0 f i volume_blend.obj
 0001:000080b0       ?OnInitShaderInstance@CShader@VOLUME_BLEND@@UAEXPAPAVIMaterialVar@@PAVIShaderInit@@PBD@Z 100090b0 f i volume_blend.obj
 0001:000080b0       ?OnInitShaderInstance@CShader@GAUSSIAN_BLUR_6@@UAEXPAPAVIMaterialVar@@PAVIShaderInit@@PBD@Z 100090b0 f i blur.obj
 0001:000080e0       ?OnDrawElements@CShader@VOLUME_BLEND@@UAEXPAPAVIMaterialVar@@PAVIShaderShadow@@PAVIShaderDynamicAPI@@W4VertexCompressionType_t@@PAPAVCBasePerMaterialContextData@@@Z 100090e0 f i volume_blend.obj
 0001:000081b0       ?GetParamCount@CShader@VOLUME_BLEND@@UBEHXZ 100091b0 f i volume_blend.obj
 0001:000081c0       ?GetParamInfo@CShader@VOLUME_BLEND@@UBEABUShaderParamInfo_t@@H@Z 100091c0 f i volume_blend.obj
 0001:000081f0       ?GetName@CShader@VOLUME_PREPASS@@UBEPBDXZ 100091f0 f i volume_prepass.obj
 0001:00008200       ?GetFlags@CShader@VOLUME_PREPASS@@UBEHXZ 10009200 f i volume_prepass.obj
 0001:00008210       ?GetFallbackShader@CShader@RADIOSITY_GLOBAL@@UBEPBDPAPAVIMaterialVar@@@Z 10009210 f i radiosity_global.obj
 0001:00008210       ?GetFallbackShader@CShader@SCREENSPACE_COMBINE@@UBEPBDPAPAVIMaterialVar@@@Z 10009210 f i screenspace_combine.obj
 0001:00008210       ?GetFallbackShader@CShader@SCREENSPACE_SHADING@@UBEPBDPAPAVIMaterialVar@@@Z 10009210 f i screenspace_shading.obj
 0001:00008210       ?GetFallbackShader@CShader@VOLUME_BLEND@@UBEPBDPAPAVIMaterialVar@@@Z 10009210 f i volume_blend.obj
 0001:00008210       ?GetFallbackShader@CShader@RADIOSITY_BLEND@@UBEPBDPAPAVIMaterialVar@@@Z 10009210 f i radiosity_blend.obj
 0001:00008210       ?GetFallbackShader@CShader@RADIOSITY_PROPAGATE@@UBEPBDPAPAVIMaterialVar@@@Z 10009210 f i radiosity_propagate.obj
 0001:00008210       ?GetFallbackShader@CBaseShader@@UBEPBDPAPAVIMaterialVar@@@Z 10009210 f i blur.obj
 0001:00008210       ?GetFallbackShader@CShader@LIGHTING_GLOBAL@@UBEPBDPAPAVIMaterialVar@@@Z 10009210 f i lighting_global.obj
 0001:00008210       ?GetFallbackShader@CShader@VOLUME_PREPASS@@UBEPBDPAPAVIMaterialVar@@@Z 10009210 f i volume_prepass.obj
 0001:00008210       ?GetFallbackShader@CShader@GAUSSIAN_BLUR_6@@UBEPBDPAPAVIMaterialVar@@@Z 10009210 f i blur.obj
 0001:00008210       ?GetFallbackShader@CShader@LIGHTING_WORLD@@UBEPBDPAPAVIMaterialVar@@@Z 10009210 f i lighting_world.obj
 0001:00008210       ?GetFallbackShader@CShader@DEFERRED_DECALMODULATE@@UBEPBDPAPAVIMaterialVar@@@Z 10009210 f i deferred_decalModulate.obj
 0001:00008210       ?GetFallbackShader@CShader@DEBUG_RADIOSITY_GRID@@UBEPBDPAPAVIMaterialVar@@@Z 10009210 f i debug_radiosity_grid.obj
 0001:00008210       ?GetFallbackShader@CShader@DEBUG_LIGHTING_CTRL@@UBEPBDPAPAVIMaterialVar@@@Z 10009210 f i debug_lightingctrl.obj
 0001:00008210       ?GetFallbackShader@CShader@DEBUG_SHADOW@@UBEPBDPAPAVIMaterialVar@@@Z 10009210 f i debug_shadow.obj
 0001:00008210       ?GetFallbackShader@CShader@LIGHTING_VOLUME@@UBEPBDPAPAVIMaterialVar@@@Z 10009210 f i lighting_volume.obj
 0001:00008220       ?OnDrawElements@CShader@VOLUME_PREPASS@@UAEXPAPAVIMaterialVar@@PAVIShaderShadow@@PAVIShaderDynamicAPI@@W4VertexCompressionType_t@@PAPAVCBasePerMaterialContextData@@@Z 10009220 f i volume_prepass.obj
 0001:00008340       ?GetParamCount@CShader@VOLUME_PREPASS@@UBEHXZ 10009340 f i volume_prepass.obj
 0001:00008350       ?GetParamInfo@CShader@VOLUME_PREPASS@@UBEABUShaderParamInfo_t@@H@Z 10009350 f i volume_prepass.obj
 0001:00008380       ??1?$CUtlVector@PAVCShaderParam@RADIOSITY_GLOBAL@@V?$CUtlMemory@PAVCShaderParam@RADIOSITY_GLOBAL@@H@@@@QAE@XZ 10009380 f i radiosity_global.obj
 0001:00008380       ??1?$CUtlVector@PAVCShaderParam@DEBUG_LIGHTING_CTRL@@V?$CUtlMemory@PAVCShaderParam@DEBUG_LIGHTING_CTRL@@H@@@@QAE@XZ 10009380 f i debug_lightingctrl.obj
 0001:00008380       ??1?$CUtlVector@PAVCShaderParam@LIGHTING_WORLD@@V?$CUtlMemory@PAVCShaderParam@LIGHTING_WORLD@@H@@@@QAE@XZ 10009380 f i lighting_world.obj
 0001:00008380       ??1?$CUtlVector@PAVCShaderParam@VOLUME_PREPASS@@V?$CUtlMemory@PAVCShaderParam@VOLUME_PREPASS@@H@@@@QAE@XZ 10009380 f i volume_prepass.obj
 0001:00008380       ??1?$CUtlVector@PAVCShaderParam@RADIOSITY_BLEND@@V?$CUtlMemory@PAVCShaderParam@RADIOSITY_BLEND@@H@@@@QAE@XZ 10009380 f i radiosity_blend.obj
 0001:00008380       ??1?$CUtlVector@PAVCShaderParam@GAUSSIAN_BLUR_6@@V?$CUtlMemory@PAVCShaderParam@GAUSSIAN_BLUR_6@@H@@@@QAE@XZ 10009380 f i blur.obj
 0001:00008380       ??1?$CUtlVector@PAVCShaderParam@SCREENSPACE_COMBINE@@V?$CUtlMemory@PAVCShaderParam@SCREENSPACE_COMBINE@@H@@@@QAE@XZ 10009380 f i screenspace_combine.obj
 0001:00008380       ??1?$CUtlVector@P6AXPAVIConVar@@PBDM@ZV?$CUtlMemory@P6AXPAVIConVar@@PBDM@ZH@@@@QAE@XZ 10009380 f i tier1:convar.obj
 0001:00008380       ??1?$CUtlVector@PAVCShaderParam@DEFERRED_DECALMODULATE@@V?$CUtlMemory@PAVCShaderParam@DEFERRED_DECALMODULATE@@H@@@@QAE@XZ 10009380 f i deferred_decalModulate.obj
 0001:00008380       ??1?$CUtlVector@PAVCShaderParam@LIGHTING_GLOBAL@@V?$CUtlMemory@PAVCShaderParam@LIGHTING_GLOBAL@@H@@@@QAE@XZ 10009380 f i lighting_global.obj
 0001:00008380       ??1?$CUtlVector@PAVCShaderParam@SCREENSPACE_SHADING@@V?$CUtlMemory@PAVCShaderParam@SCREENSPACE_SHADING@@H@@@@QAE@XZ 10009380 f i screenspace_shading.obj
 0001:00008380       ??1?$CUtlVector@PAVCShaderParam@DEFERRED_BRUSH@@V?$CUtlMemory@PAVCShaderParam@DEFERRED_BRUSH@@H@@@@QAE@XZ 10009380 f i deferred_brush.obj
 0001:00008380       ??1?$CUtlVector@PAVCShaderParam@LIGHTING_VOLUME@@V?$CUtlMemory@PAVCShaderParam@LIGHTING_VOLUME@@H@@@@QAE@XZ 10009380 f i lighting_volume.obj
 0001:00008380       ??1?$CUtlVector@PAVCShaderParam@DEBUG_RADIOSITY_GRID@@V?$CUtlMemory@PAVCShaderParam@DEBUG_RADIOSITY_GRID@@H@@@@QAE@XZ 10009380 f i debug_radiosity_grid.obj
 0001:00008380       ??1?$CUtlVector@PAVCShaderParam@VOLUME_BLEND@@V?$CUtlMemory@PAVCShaderParam@VOLUME_BLEND@@H@@@@QAE@XZ 10009380 f i volume_blend.obj
 0001:00008380       ??1?$CUtlVector@PAVCShaderParam@RADIOSITY_PROPAGATE@@V?$CUtlMemory@PAVCShaderParam@RADIOSITY_PROPAGATE@@H@@@@QAE@XZ 10009380 f i radiosity_propagate.obj
 0001:00008380       ??1?$CUtlVector@PAVCShaderParam@DEFERRED_MODEL@@V?$CUtlMemory@PAVCShaderParam@DEFERRED_MODEL@@H@@@@QAE@XZ 10009380 f i deferred_model.obj
 0001:00008380       ??1?$CUtlVector@PAVCShaderParam@DEBUG_SHADOW@@V?$CUtlMemory@PAVCShaderParam@DEBUG_SHADOW@@H@@@@QAE@XZ 10009380 f i debug_shadow.obj
 0001:000083f0       ?ConVar_Register@@YAXHPAVIConCommandBaseAccessor@@@Z 100093f0 f   tier1:convar.obj
 0001:000084a0       ?ConVar_Unregister@@YAXXZ  100094a0 f   tier1:convar.obj
 0001:000084f0       ?IsCommand@ConCommandBase@@UBE_NXZ 100094f0 f   tier1:convar.obj
 0001:00008500       ?GetDLLIdentifier@ConCommandBase@@UBEHXZ 10009500 f   tier1:convar.obj
 0001:00008510       ?Create@ConCommandBase@@MAEXPBD0H@Z 10009510 f   tier1:convar.obj
 0001:00008560       ?GetName@ConCommandBase@@UBEPBDXZ 10009560 f   tier1:convar.obj
 0001:00008570       ?IsFlagSet@ConCommandBase@@UBE_NH@Z 10009570 f   tier1:convar.obj
 0001:00008580       ?AddFlags@ConCommandBase@@UAEXH@Z 10009580 f   tier1:convar.obj
 0001:00008590       ?RemoveFlags@ConCommandBase@@UAEXH@Z 10009590 f   tier1:convar.obj
 0001:000085a0       ?ShaderCount@CShaderDLL@@UBEHXZ 100095a0 f   shaderlib:ShaderDLL.obj
 0001:000085a0       ?GetFlags@ConCommandBase@@UBEHXZ 100095a0 f   tier1:convar.obj
 0001:000085b0       ?GetHelpText@ConCommandBase@@UBEPBDXZ 100095b0 f   tier1:convar.obj
 0001:000085c0       ?IsRegistered@ConCommandBase@@UBE_NXZ 100095c0 f   tier1:convar.obj
 0001:000085d0       ?IsFlagSet@ConVar@@UBE_NH@Z 100095d0 f   tier1:convar.obj
 0001:000085e0       ?GetFlags@ConVar@@UBEHXZ   100095e0 f   tier1:convar.obj
 0001:000085f0       ?GetHelpText@ConVar@@UBEPBDXZ 100095f0 f   tier1:convar.obj
 0001:00008600       ?AddFlags@ConVar@@UAEXH@Z  10009600 f   tier1:convar.obj
 0001:00008610       ?IsRegistered@ConVar@@UBE_NXZ 10009610 f   tier1:convar.obj
 0001:00008620       ?GetName@ConVar@@UBEPBDXZ  10009620 f   tier1:convar.obj
 0001:00008630       ?GetBaseName@ConVar@@UBEPBDXZ 10009630 f   tier1:convar.obj
 0001:00008640       ?GetSplitScreenPlayerSlot@ConVar@@UBEHXZ 10009640 f   tier1:convar.obj
 0001:00008650       ?IsCommand@ConVar@@UBE_NXZ 10009650 f   tier1:convar.obj
 0001:00008660       ?Init@ConCommandBase@@MAEXXZ 10009660 f   tier1:convar.obj
 0001:00008660       ?Init@ConVar@@EAEXXZ       10009660 f   tier1:convar.obj
 0001:00008680       ?InternalSetColorFromString@ConVar@@AAE_NPBD@Z 10009680 f   tier1:convar.obj
 0001:00008730       ?InternalSetValue@ConVar@@EAEXPBD@Z 10009730 f   tier1:convar.obj
 0001:00008860       ?ClampValue@ConVar@@EAE_NAAM@Z 10009860 f   tier1:convar.obj
 0001:000088a0       ?InternalSetFloatValue@ConVar@@EAEXM@Z 100098a0 f   tier1:convar.obj
 0001:00008980       ?InternalSetIntValue@ConVar@@EAEXH@Z 10009980 f   tier1:convar.obj
 0001:00008a50       ?InternalSetColorValue@ConVar@@EAEXVColor@@@Z 10009a50 f   tier1:convar.obj
 0001:00008a80       ?SetValue@ConVar@@UAEXPBD@Z 10009a80 f   tier1:convar.obj
 0001:00008a90       ?SetValue@ConVar@@UAEXM@Z  10009a90 f   tier1:convar.obj
 0001:00008ab0       ?SetValue@ConVar@@UAEXH@Z  10009ab0 f   tier1:convar.obj
 0001:00008ac0       ?SetValue@ConVar@@UAEXVColor@@@Z 10009ac0 f   tier1:convar.obj
 0001:00008ad0       ?RegisterConCommandBase@CDefaultAccessor@@UAE_NPAVConCommandBase@@@Z 10009ad0 f i tier1:convar.obj
 0001:00008af0       ??_GConCommandBase@@UAEPAXI@Z 10009af0 f i tier1:convar.obj
 0001:00008af0       ??_EConCommandBase@@UAEPAXI@Z 10009af0 f i tier1:convar.obj
 0001:00008b10       ?Init@ConVarRef@@QAEXPBD_N@Z 10009b10 f   tier1:convar.obj
 0001:00008b90       ?Grow@?$CUtlMemory@P6AXPAVIConVar@@PBDM@ZH@@QAEXH@Z 10009b90 f i tier1:convar.obj
 0001:00008c20       ?ChangeStringValue@ConVar@@EAEXPBDM@Z 10009c20 f   tier1:convar.obj
 0001:00008ce0       ??0ConVarRef@@QAE@PBD@Z    10009ce0 f   tier1:convar.obj
 0001:00008d00       ?InsertBefore@?$CUtlVector@P6AXPAVIConVar@@PBDM@ZV?$CUtlMemory@P6AXPAVIConVar@@PBDM@ZH@@@@QAEHHABQ6AXPAVIConVar@@PBDM@Z@Z 10009d00 f i tier1:convar.obj
 0001:00008d70       ??1ConVar@@UAE@XZ          10009d70 f   tier1:convar.obj
 0001:00008db0       ?GetName@ConVar@@WBI@BEPBDXZ 10009db0 f i tier1:convar.obj
 0001:00008dc0       ?IsFlagSet@ConVar@@WBI@BE_NH@Z 10009dc0 f i tier1:convar.obj
 0001:00008dd0       ??_ECEmptyConVar@@UAEPAXI@Z 10009dd0 f i tier1:convar.obj
 0001:00008dd0       ??_GConVar@@UAEPAXI@Z      10009dd0 f i tier1:convar.obj
 0001:00008dd0       ??_EConVar@@UAEPAXI@Z      10009dd0 f i tier1:convar.obj
 0001:00008dd0       ??_GCEmptyConVar@@UAEPAXI@Z 10009dd0 f i tier1:convar.obj
 0001:00008e20       ?Create@ConVar@@EAEXPBD0H0_NM1MP6AXPAVIConVar@@0M@Z@Z 10009e20 f   tier1:convar.obj
 0001:00008f60       ??0ConVar@@QAE@PBD0H@Z     10009f60 f   tier1:convar.obj
 0001:00008fd0       ?SetValue@CEmptyConVar@@UAEXPBD@Z 10009fd0 f i tier1:convar.obj
 0001:00008fd0       ?SetValue@CEmptyConVar@@UAEXM@Z 10009fd0 f i tier1:convar.obj
 0001:00008fd0       ?SetValue@CEmptyConVar@@UAEXH@Z 10009fd0 f i tier1:convar.obj
 0001:00008fe0       ?GetName@CEmptyConVar@@UBEPBDXZ 10009fe0 f i tier1:convar.obj
 0001:00008ff0       ?IsFlagSet@CEmptyConVar@@UBE_NH@Z 10009ff0 f i tier1:convar.obj
 0001:00009000       ?GetName@CEmptyConVar@@WBI@BEPBDXZ 1000a000 f i tier1:convar.obj
 0001:00009010       ?IsFlagSet@CEmptyConVar@@WBI@BE_NH@Z 1000a010 f i tier1:convar.obj
 0001:00009020       ?_V_strlen@@YAHPBD@Z       1000a020 f   tier1:strtools.obj
 0001:00009050       ?_V_strcmp@@YAHPBD0@Z      1000a050 f   tier1:strtools.obj
 0001:000090b0       ?_V_memset@@YAXPAXHH@Z     1000a0b0 f   tier1:strtools.obj
 0001:000090e0       ?_V_memcpy@@YAXPAXPBXH@Z   1000a0e0 f   tier1:strtools.obj
 0001:00009110       ?_V_memmove@@YAXPAXPBXH@Z  1000a110 f   tier1:strtools.obj
 0001:00009140       ?V_snprintf@@YAHPADHPBDZZ  1000a140 f   tier1:strtools.obj
 0001:00009190       ??0InterfaceReg@@QAE@P6APAXXZPBD@Z 1000a190 f   tier1:interface.obj
 0001:000091b0       ?CreateInterfaceInternal@@YAPAXPBDPAH@Z 1000a1b0 f   tier1:interface.obj
 0001:00009220       _CreateInterface           1000a220 f   tier1:interface.obj
 0001:00009230       ?FindConversion@CUtlCStringConversion@@UAEDPBDPAH@Z 1000a230 f   tier1:utlbuffer.obj
 0001:00009250       ??0CUtlCharConversion@@QAE@DPBDHPAUConversionArray_t@0@@Z 1000a250 f   tier1:utlbuffer.obj
 0001:000092e0       ?FindConversion@CUtlCharConversion@@UAEDPBDPAH@Z 1000a2e0 f   tier1:utlbuffer.obj
 0001:00009340       ?FindConversion@CUtlNoEscConversion@@UAEDPBDPAH@Z 1000a340 f i tier1:utlbuffer.obj
 0001:00009350       ?ReconnectInterface@@YAXP6APAXPBDPAH@Z0PAPAX@Z 1000a350 f   interfaces:interfaces.obj
 0001:000093c0       ?ConnectInterfaces@@YAXPAP6APAXPBDPAH@ZH@Z 1000a3c0 f   interfaces:interfaces.obj
 0001:000094c0       ?DisconnectInterfaces@@YAXXZ 1000a4c0 f   interfaces:interfaces.obj
 0001:00009500       ?BuildGammaTable@@YAXMMMH@Z 1000a500 f   mathlib:color_conversion.obj
 0001:00009860       ??4VMatrix@@QAEAAV0@ABV0@@Z 1000a860 f   mathlib:vmatrix.obj
 0001:000098d0       ?MatrixSetIdentity@@YAXAAVVMatrix@@@Z 1000a8d0 f   mathlib:vmatrix.obj
 0001:00009930       ?MatrixTranspose@@YAXABVVMatrix@@AAV1@@Z 1000a930 f   mathlib:vmatrix.obj
 0001:00009a00       ?Transpose@VMatrix@@QBE?AV1@XZ 1000aa00 f   mathlib:vmatrix.obj
 0001:00009a70       ?_VectorNormalizeFast@@YIXAAVVector@@@Z 1000aa70 f   mathlib:mathlib_base.obj
 0001:00009ad0       ?MathLib_Init@@YAXMMMH_N000@Z 1000aad0 f   mathlib:mathlib_base.obj
 0001:00009b70       ?Seed@SIMDRandStreamContext@@QAEXI@Z 1000ab70 f i mathlib:randsse.obj
 0001:00009c60       ?SeedRandSIMD@@YAXI@Z      1000ac60 f   mathlib:randsse.obj
 0001:00009c90       ??_GCBasePerInstanceContextData@@UAEPAXI@Z 1000ac90 f i shaderlib:BaseShader.obj
 0001:00009c90       ??_ECBasePerInstanceContextData@@UAEPAXI@Z 1000ac90 f i shaderlib:BaseShader.obj
 0001:00009cc0       ?GetParamCount@CBaseShader@@UBEHXZ 1000acc0 f   shaderlib:BaseShader.obj
 0001:00009cd0       ?GetParamInfo@CBaseShader@@UBEABUShaderParamInfo_t@@H@Z 1000acd0 f   shaderlib:BaseShader.obj
 0001:00009cf0       ?InitShaderParams@CBaseShader@@UAEXPAPAVIMaterialVar@@PBD@Z 1000acf0 f   shaderlib:BaseShader.obj
 0001:00009d20       ?InitShaderInstance@CBaseShader@@UAEXPAPAVIMaterialVar@@PAVIShaderInit@@PBD2@Z 1000ad20 f   shaderlib:BaseShader.obj
 0001:00009d70       ?SetInitialShadowState@CBaseShader@@QAEXXZ 1000ad70 f   shaderlib:BaseShader.obj
 0001:00009e40       ?LoadTexture@CBaseShader@@QAEXH@Z 1000ae40 f   shaderlib:BaseShader.obj
 0001:00009e90       ?LoadBumpMap@CBaseShader@@QAEXH@Z 1000ae90 f   shaderlib:BaseShader.obj
 0001:00009ee0       ?LoadCubeMap@CBaseShader@@QAEXH@Z 1000aee0 f   shaderlib:BaseShader.obj
 0001:00009f30       ?GetShaderAPITextureBindHandle@CBaseShader@@QAEHHHH@Z 1000af30 f   shaderlib:BaseShader.obj
 0001:00009f80       ?NeedsPowerOfTwoFrameBufferTexture@CBaseShader@@UBE_NPAPAVIMaterialVar@@_N@Z 1000af80 f   shaderlib:BaseShader.obj
 0001:00009fa0       ?NeedsFullFrameBufferTexture@CBaseShader@@UBE_NPAPAVIMaterialVar@@_N@Z 1000afa0 f   shaderlib:BaseShader.obj
 0001:00009fc0       ?IsTranslucent@CBaseShader@@UBE_NPAPAVIMaterialVar@@@Z 1000afc0 f   shaderlib:BaseShader.obj
 0001:00009fe0       ?EnableAlphaBlending@CBaseShader@@QAEXW4ShaderBlendFactor_t@@0@Z 1000afe0 f   shaderlib:BaseShader.obj
 0001:0000a020       ?FogToGrey@CBaseShader@@QAEXXZ 1000b020 f   shaderlib:BaseShader.obj
 0001:0000a060       ?DefaultFog@CBaseShader@@QAEXXZ 1000b060 f   shaderlib:BaseShader.obj
 0001:0000a0c0       ??_ECPerInstanceContextData@@UAEPAXI@Z 1000b0c0 f i shaderlib:BaseShader.obj
 0001:0000a0c0       ??_GCPerInstanceContextData@@UAEPAXI@Z 1000b0c0 f i shaderlib:BaseShader.obj
 0001:0000a100       ??0CBaseShader@@QAE@XZ     1000b100 f   shaderlib:BaseShader.obj
 0001:0000a120       ?DrawElements@CBaseShader@@UAEXPAPAVIMaterialVar@@HPAVIShaderShadow@@PAVIShaderDynamicAPI@@W4VertexCompressionType_t@@PAPAVCBasePerMaterialContextData@@PAPAVCBasePerInstanceContextData@@@Z 1000b120 f   shaderlib:BaseShader.obj
 0001:0000a1b0       ?BindTexture@CBaseShader@@QAEXW4Sampler_t@@HH@Z 1000b1b0 f   shaderlib:BaseShader.obj
 0001:0000a200       ?BindTexture@CBaseShader@@QAEXW4Sampler_t@@PAVITexture@@H@Z 1000b200 f   shaderlib:BaseShader.obj
 0001:0000a220       ?ComputeModulationFlags@CBaseShader@@UAEHPAPAVIMaterialVar@@PAVIShaderDynamicAPI@@@Z 1000b220 f   shaderlib:BaseShader.obj
 0001:0000a300       ?PI_EndCommandBuffer@CBaseShader@@QAEXXZ 1000b300 f   shaderlib:BaseShader.obj
 0001:0000a3f0       ?Draw@CBaseShader@@QAEX_N@Z 1000b3f0 f   shaderlib:BaseShader.obj
 0001:0000a4d0       ?Connect@CShaderDLL@@UAE_NP6APAXPBDPAH@Z_N@Z 1000b4d0 f   shaderlib:ShaderDLL.obj
 0001:0000a550       ?Disconnect@CShaderDLL@@UAEX_N@Z 1000b550 f   shaderlib:ShaderDLL.obj
 0001:0000a590       ?Connect@CShaderDLL@@UAE_NP6APAXPBDPAH@Z@Z 1000b590 f   shaderlib:ShaderDLL.obj
 0001:0000a5b0       ?Disconnect@CShaderDLL@@UAEXXZ 1000b5b0 f   shaderlib:ShaderDLL.obj
 0001:0000a5c0       ?GetShader@CShaderDLL@@UAEPAVIShader@@H@Z 1000b5c0 f   shaderlib:ShaderDLL.obj
 0001:0000a5e0       ??0CShaderDLL@@QAE@XZ      1000b5e0 f   shaderlib:ShaderDLL.obj
 0001:0000a640       ?GetShaderDLL@@YAPAVIShaderDLL@@XZ 1000b640 f   shaderlib:ShaderDLL.obj
 0001:0000a680       ?GetShaderDLLInternal@@YAPAVIShaderDLLInternal@@XZ 1000b680 f   shaderlib:ShaderDLL.obj
 0001:0000a6b0       ?InsertShader@CShaderDLL@@UAEXPAVIShader@@@Z 1000b6b0 f   shaderlib:ShaderDLL.obj
 0001:0000a710       ?InitShaderLibCVars@@YAXP6APAXPBDPAH@Z@Z 1000b710 f   shaderlib:shaderlib_cvar.obj
 0001:0000a730       ?RegisterConCommandBase@CShaderLibConVarAccessor@@UAE_NPAVConCommandBase@@@Z 1000b730 f i shaderlib:shaderlib_cvar.obj
 0001:0000a789       __cfltcvt_init             1000b789 f   LIBCMT:_fpinit_.obj
 0001:0000a7e9       __fpmath                   1000b7e9 f   LIBCMT:_fpinit_.obj
 0001:0000a810       _fmod                      1000b810 f   LIBCMT:_87fmod_.obj
 0001:0000a81a       __CIfmod                   1000b81a f   LIBCMT:_87fmod_.obj
 0001:0000a840       __ftol2_sse                1000b840 f   LIBCMT:ftol2.obj
 0001:0000a849       __ftol2_pentium4           1000b849 f   LIBCMT:ftol2.obj
 0001:0000a85c       __ftol2_sse_excpt          1000b85c f   LIBCMT:ftol2.obj
 0001:0000a876       __ftol2                    1000b876 f   LIBCMT:ftol2.obj
 0001:0000a9a1       ___onexitinit              1000b9a1 f   LIBCMT:onexit.obj
 0001:0000a9d2       __onexit                   1000b9d2 f   LIBCMT:onexit.obj
 0001:0000aa0e       _atexit                    1000ba0e f   LIBCMT:onexit.obj
 0001:0000aa25       ??1type_info@@UAE@XZ       1000ba25 f   LIBCMT:typinfo.obj
 0001:0000aa35       ??_Gtype_info@@UAEPAXI@Z   1000ba35 f i LIBCMT:typinfo.obj
 0001:0000aa35       ??_Etype_info@@UAEPAXI@Z   1000ba35 f i LIBCMT:typinfo.obj
 0001:0000aa56       __purecall                 1000ba56 f   LIBCMT:purevirt.obj
 0001:0000aa80       _printf                    1000ba80 f   LIBCMT:printf.obj
 0001:0000ab27       __get_printf_count_output  1000bb27 f   LIBCMT:printf.obj
 0001:0000ab3d       ??3@YAXPAX@Z               1000bb3d f   LIBCMT:delete.obj
 0001:0000ab48       ??1bad_alloc@std@@UAE@XZ   1000bb48 f i LIBCMT:new.obj
 0001:0000ab53       ??_Gbad_alloc@std@@UAEPAXI@Z 1000bb53 f i LIBCMT:new.obj
 0001:0000ab53       ??_Ebad_alloc@std@@UAEPAXI@Z 1000bb53 f i LIBCMT:new.obj
 0001:0000ab7a       ??0bad_alloc@std@@QAE@ABV01@@Z 1000bb7a f i LIBCMT:new.obj
 0001:0000ab97       ??2@YAPAXI@Z               1000bb97 f   LIBCMT:new.obj
 0001:0000ac20       _memcpy                    1000bc20 f   LIBCMT:memcpy.obj
 0001:0000af82       __CRT_INIT@12              1000bf82 f   LIBCMT:dllcrt0.obj
 0001:0000b1dc       __DllMainCRTStartup@12     1000c1dc f   LIBCMT:dllcrt0.obj
 0001:0000b26d       _sscanf                    1000c26d f   LIBCMT:sscanf.obj
 0001:0000b28f       ??0_LocaleUpdate@@QAE@PAUlocaleinfo_struct@@@Z 1000c28f f i LIBCMT:atof.obj
 0001:0000b316       __atof_l                   1000c316 f   LIBCMT:atof.obj
 0001:0000b3c1       _atof                      1000c3c1 f   LIBCMT:atof.obj
 0001:0000b3d4       __vsnprintf_l              1000c3d4 f   LIBCMT:vsnprint.obj
 0001:0000b480       __vsnprintf                1000c480 f   LIBCMT:vsnprint.obj
 0001:0000b4a0       __chkstk                   1000c4a0 f   LIBCMT:chkstk.obj
 0001:0000b4a0       __alloca_probe             1000c4a0     LIBCMT:chkstk.obj
 0001:0000b4e0       _strchr                    1000c4e0 f   LIBCMT:strchr.obj
 0001:0000b4e6       ___from_strstr_to_strchr   1000c4e6     LIBCMT:strchr.obj
 0001:0000b5a0       __alloca_probe_16          1000c5a0 f   LIBCMT:alloca16.obj
 0001:0000b5b6       __alloca_probe_8           1000c5b6     LIBCMT:alloca16.obj
 0001:0000b5d0       _strstr                    1000c5d0 f   LIBCMT:strstr.obj
 0001:0000b656       __tolower_l                1000c656 f   LIBCMT:tolower.obj
 0001:0000b76b       _tolower                   1000c76b f   LIBCMT:tolower.obj
 0001:0000b7a0       __allmul                   1000c7a0 f   LIBCMT:llmul.obj
 0001:0000b7e0       _strncat                   1000c7e0 f   LIBCMT:strncat.obj
 0001:0000b920       _memset                    1000c920 f   LIBCMT:memset.obj
 0001:0000b9a0       _memmove                   1000c9a0 f   LIBCMT:memmove.obj
 0001:0000bd10       _strncpy                   1000cd10 f   LIBCMT:strncpy.obj
 0001:0000be40       __allrem                   1000ce40 f   LIBCMT:llrem.obj
 0001:0000bf00       __alldiv                   1000cf00 f   LIBCMT:lldiv.obj
 0001:0000bfb0       _floor                     1000cfb0 f   LIBCMT:_floor_pentium4_.obj
 0001:0000bff0       __floor_pentium4           1000cff0 f   LIBCMT:_floor_pentium4_.obj
 0001:0000c0e0       _pow                       1000d0e0 f   LIBCMT:_pow_.obj
 0001:0000c120       __CIpow                    1000d120 f   LIBCMT:_pow_.obj
 0001:0000c15b       __CIpow_default            1000d15b f   LIBCMT:_pow_.obj
 0001:0000c174       __pow_default              1000d174     LIBCMT:_pow_.obj
 0001:0000c36a       ___libm_sse2_pow           1000d36a f   LIBCMT:_pow_sse2_.obj
 0001:0000cdf0       _acos                      1000ddf0 f   LIBCMT:_acos_.obj
 0001:0000ce30       __CIacos                   1000de30 f   LIBCMT:_acos_.obj
 0001:0000ce6b       __CIacos_default           1000de6b f   LIBCMT:_acos_.obj
 0001:0000ce7f       __acos_default             1000de7f     LIBCMT:_acos_.obj
 0001:0000cf36       ___libm_sse2_sin           1000df36 f   LIBCMT:_sin_sse2_.obj
 0001:0000d0f0       _asin                      1000e0f0 f   LIBCMT:_asin_.obj
 0001:0000d130       __CIasin                   1000e130 f   LIBCMT:_asin_.obj
 0001:0000d16b       __CIasin_default           1000e16b f   LIBCMT:_asin_.obj
 0001:0000d17f       __asin_default             1000e17f     LIBCMT:_asin_.obj
 0001:0000d236       __forcdecpt_l              1000e236 f   LIBCMT:cvt.obj
 0001:0000d2aa       __cropzeros_l              1000e2aa f   LIBCMT:cvt.obj
 0001:0000d32c       __positive                 1000e32c f   LIBCMT:cvt.obj
 0001:0000d348       __fassign_l                1000e348 f   LIBCMT:cvt.obj
 0001:0000d38a       __fassign                  1000e38a f   LIBCMT:cvt.obj
 0001:0000d3c3       __forcdecpt                1000e3c3 f   LIBCMT:cvt.obj
 0001:0000d3d6       __cropzeros                1000e3d6 f   LIBCMT:cvt.obj
 0001:0000d54a       __cftoe_l                  1000e54a f   LIBCMT:cvt.obj
 0001:0000d611       __cftoe                    1000e611 f   LIBCMT:cvt.obj
 0001:0000d631       __cftoa_l                  1000e631 f   LIBCMT:cvt.obj
 0001:0000daaa       __cftof_l                  1000eaaa f   LIBCMT:cvt.obj
 0001:0000db6b       __cftog_l                  1000eb6b f   LIBCMT:cvt.obj
 0001:0000dc58       __cfltcvt_l                1000ec58 f   LIBCMT:cvt.obj
 0001:0000dce0       __cfltcvt                  1000ece0 f   LIBCMT:cvt.obj
 0001:0000dd03       __initp_misc_cfltcvt_tab   1000ed03 f   LIBCMT:cmiscdat.obj
 0001:0000dd26       __setdefaultprecision      1000ed26 f   LIBCMT:fp8.obj
 0001:0000dd50       __cintrindisp2             1000ed50 f   LIBCMT:_87cdisp_.obj
 0001:0000dd8e       __cintrindisp1             1000ed8e f   LIBCMT:_87cdisp_.obj
 0001:0000ddcb       __ctrandisp2               1000edcb f   LIBCMT:_87cdisp_.obj
 0001:0000df5a       __ctrandisp1               1000ef5a f   LIBCMT:_87cdisp_.obj
 0001:0000df8d       __fload                    1000ef8d f   LIBCMT:_87cdisp_.obj
 0001:0000dfd0       __trandisp1                1000efd0 f   LIBCMT:_87disp_.obj
 0001:0000e037       __trandisp2                1000f037 f   LIBCMT:_87disp_.obj
 0001:0000e0c3       __rttospopde               1000f0c3     LIBCMT:_87disp_.obj
 0001:0000e0c8       __rttospop                 1000f0c8     LIBCMT:_87disp_.obj
 0001:0000e0ca       __rtnospop                 1000f0ca     LIBCMT:_87disp_.obj
 0001:0000e0cc       __rttosnpop                1000f0cc     LIBCMT:_87disp_.obj
 0001:0000e0cd       __rtnospopde               1000f0cd     LIBCMT:_87disp_.obj
 0001:0000e0d4       __rtzeropop                1000f0d4     LIBCMT:_87disp_.obj
 0001:0000e0d6       __rtzeronpop               1000f0d6     LIBCMT:_87disp_.obj
 0001:0000e0db       __rtonepop                 1000f0db     LIBCMT:_87disp_.obj
 0001:0000e0dd       __rtonenpop                1000f0dd     LIBCMT:_87disp_.obj
 0001:0000e0e2       __tosnan1                  1000f0e2     LIBCMT:_87disp_.obj
 0001:0000e10d       __nosnan2                  1000f10d     LIBCMT:_87disp_.obj
 0001:0000e10f       __tosnan2                  1000f10f     LIBCMT:_87disp_.obj
 0001:0000e137       __nan2                     1000f137     LIBCMT:_87disp_.obj
 0001:0000e176       __rtindfpop                1000f176     LIBCMT:_87disp_.obj
 0001:0000e178       __rtindfnpop               1000f178     LIBCMT:_87disp_.obj
 0001:0000e189       __rttosnpopde              1000f189     LIBCMT:_87disp_.obj
 0001:0000e193       __rtchsifneg               1000f193     LIBCMT:_87disp_.obj
 0001:0000e19a       ___sse2_available_init     1000f19a f   LIBCMT:cpu_disp.obj
 0001:0000e1aa       __malloc_crt               1000f1aa f   LIBCMT:crtheap.obj
 0001:0000e1ef       __calloc_crt               1000f1ef f   LIBCMT:crtheap.obj
 0001:0000e23b       __realloc_crt              1000f23b f   LIBCMT:crtheap.obj
 0001:0000e289       __recalloc_crt             1000f289 f   LIBCMT:crtheap.obj
 0001:0000e2db       __msize                    1000f2db f   LIBCMT:msize.obj
 0001:0000e30e       ___crtCorExitProcess       1000f30e f   LIBCMT:crt0dat.obj
 0001:0000e339       ___crtExitProcess          1000f339 f   LIBCMT:crt0dat.obj
 0001:0000e351       __lockexit                 1000f351 f   LIBCMT:crt0dat.obj
 0001:0000e35a       __unlockexit               1000f35a f   LIBCMT:crt0dat.obj
 0001:0000e363       __init_pointers            1000f363 f   LIBCMT:crt0dat.obj
 0001:0000e396       __initterm_e               1000f396 f   LIBCMT:crt0dat.obj
 0001:0000e3ba       __cinit                    1000f3ba f   LIBCMT:crt0dat.obj
 0001:0000e591       __exit                     1000f591 f   LIBCMT:crt0dat.obj
 0001:0000e5a7       __cexit                    1000f5a7 f   LIBCMT:crt0dat.obj
 0001:0000e5b6       __amsg_exit                1000f5b6 f   LIBCMT:crt0dat.obj
 0001:0000e5e0       __SEH_prolog4              1000f5e0 f   LIBCMT:sehprolg4.obj
 0001:0000e625       __SEH_epilog4              1000f625 f   LIBCMT:sehprolg4.obj
 0001:0000e640       __except_handler4          1000f640 f   LIBCMT:chandler4.obj
 0001:0000e7cf       ?_Type_info_dtor@type_info@@CAXPAV1@@Z 1000f7cf f   LIBCMT:typname.obj
 0001:0000e840       _strcmp                    1000f840 f   LIBCMT:strcmp.obj
 0001:0000e8c8       _abort                     1000f8c8 f   LIBCMT:abort.obj
 0001:0000e8fb       __set_abort_behavior       1000f8fb f   LIBCMT:abort.obj
 0001:0000e91c       __GET_RTERRMSG             1000f91c f   LIBCMT:crt0msg.obj
 0001:0000e942       __NMSG_WRITE               1000f942 f   LIBCMT:crt0msg.obj
 0001:0000eaf1       __FF_MSGBANNER             1000faf1 f   LIBCMT:crt0msg.obj
 0001:0000eb2a       __initp_misc_purevirt      1000fb2a f   LIBCMT:inithelp.obj
 0001:0000eb39       ___iob_func                1000fb39 f   LIBCMT:_file.obj
 0001:0000eb3f       ___initstdio               1000fb3f f   LIBCMT:_file.obj
 0001:0000ebf0       ___endstdio                1000fbf0 f   LIBCMT:_file.obj
 0001:0000ec10       __lock_file                1000fc10 f   LIBCMT:_file.obj
 0001:0000ec51       __lock_file2               1000fc51 f   LIBCMT:_file.obj
 0001:0000ec83       __unlock_file              1000fc83 f   LIBCMT:_file.obj
 0001:0000ecbf       __unlock_file2             1000fcbf f   LIBCMT:_file.obj
 0001:0000ecee       __stbuf                    1000fcee f   LIBCMT:_sftbuf.obj
 0001:0000ed8a       __ftbuf                    1000fd8a f   LIBCMT:_sftbuf.obj
 0001:0000ee65       __output_l                 1000fe65 f   LIBCMT:output.obj
 0001:0000fa11       __initp_misc_invarg        10010a11 f   LIBCMT:invarg.obj
 0001:0000fa20       __call_reportfault         10010a20 f   LIBCMT:invarg.obj
 0001:0000fb49       __invoke_watson            10010b49 f   LIBCMT:invarg.obj
 0001:0000fb6e       __invalid_parameter        10010b6e f   LIBCMT:invarg.obj
 0001:0000fb9b       __invalid_parameter_noinfo 10010b9b f   LIBCMT:invarg.obj
 0001:0000fbab       __get_errno_from_oserr     10010bab f   LIBCMT:dosmap.obj
 0001:0000fbed       __errno                    10010bed f   LIBCMT:dosmap.obj
 0001:0000fc00       ___doserrno                10010c00 f   LIBCMT:dosmap.obj
 0001:0000fc13       __dosmaperr                10010c13 f   LIBCMT:dosmap.obj
 0001:0000fc36       _free                      10010c36 f   LIBCMT:free.obj
 0001:0000fc70       ??0exception@std@@QAE@ABQBDH@Z 10010c70 f   LIBCMT:stdexcpt.obj
 0001:0000fc8d       ?what@exception@std@@UBEPBDXZ 10010c8d f   LIBCMT:stdexcpt.obj
 0001:0000fc9a       ?_Copy_str@exception@std@@AAEXPBD@Z 10010c9a f   LIBCMT:stdexcpt.obj
 0001:0000fcda       ?_Tidy@exception@std@@AAEXXZ 10010cda f   LIBCMT:stdexcpt.obj
 0001:0000fcf8       ??4exception@std@@QAEAAV01@ABV01@@Z 10010cf8 f   LIBCMT:stdexcpt.obj
 0001:0000fd2d       ??1exception@std@@UAE@XZ   10010d2d f   LIBCMT:stdexcpt.obj
 0001:0000fd38       ??_Eexception@std@@UAEPAXI@Z 10010d38 f i LIBCMT:stdexcpt.obj
 0001:0000fd38       ??_Gexception@std@@UAEPAXI@Z 10010d38 f i LIBCMT:stdexcpt.obj
 0001:0000fd5f       ??0exception@std@@QAE@ABV01@@Z 10010d5f f   LIBCMT:stdexcpt.obj
 0001:0000fd84       _malloc                    10010d84 f   LIBCMT:malloc.obj
 0001:0000fe18       __initp_heap_handler       10010e18 f   LIBCMT:handler.obj
 0001:0000fe27       __callnewh                 10010e27 f   LIBCMT:handler.obj
 0001:0000fe4f       __CxxThrowException@8      10010e4f f   LIBCMT:throw.obj
 0001:0000fe9b       __VEC_memcpy               10010e9b f   LIBCMT:p4_memcpy.obj
 0001:0000ff9e       __encoded_null             10010f9e f   LIBCMT:tidtable.obj
 0001:0000ffa7       ___crtTlsAlloc@4           10010fa7 f   LIBCMT:tidtable.obj
 0001:0000ffb0       ___set_flsgetvalue         10010fb0 f   LIBCMT:tidtable.obj
 0001:0000ffe5       __mtterm                   10010fe5 f   LIBCMT:tidtable.obj
 0001:00010022       __initptd                  10011022 f   LIBCMT:tidtable.obj
 0001:000100d6       __getptd_noexit            100110d6 f   LIBCMT:tidtable.obj
 0001:0001014f       __getptd                   1001114f f   LIBCMT:tidtable.obj
 0001:00010169       __freefls@4                10011169 f   LIBCMT:tidtable.obj
 0001:00010298       __freeptd                  10011298 f   LIBCMT:tidtable.obj
 0001:00010306       __mtinit                   10011306 f   LIBCMT:tidtable.obj
 0001:00010481       __ioinit                   10011481 f   LIBCMT:ioinit.obj
 0001:000106c6       __ioterm                   100116c6 f   LIBCMT:ioinit.obj
 0001:00010719       __setenvp                  10011719 f   LIBCMT:stdenvp.obj
 0001:0001098f       __setargv                  1001198f f   LIBCMT:stdargv.obj
 0001:00010a4a       ___crtGetEnvironmentStringsA 10011a4a f   LIBCMT:a_env.obj
 0001:00010ae1       __RTC_Initialize           10011ae1 f   LIBCMT:_initsect_.obj
 0001:00010b07       __RTC_Terminate            10011b07 f   LIBCMT:_initsect_.obj
 0001:00010b2d       __heap_init                10011b2d f   LIBCMT:heapinit.obj
 0001:00010b4b       __heap_term                10011b4b f   LIBCMT:heapinit.obj
 0001:00010b5f       __XcptFilter               10011b5f f   LIBCMT:winxfltr.obj
 0001:00010ca9       ___CppXcptFilter           10011ca9 f   LIBCMT:winxfltr.obj
 0001:00010cc9       _DllMain@12                10011cc9 f   LIBCMT:dllmain.obj
 0001:00010ccf       ___security_init_cookie    10011ccf f   LIBCMT:gs_support.obj
 0001:00010d70       _strlen                    10011d70 f   LIBCMT:strlen.obj
 0001:00010eb2       __input_l                  10011eb2 f   LIBCMT:input.obj
 0001:000120d9       ___updatetmbcinfo          100130d9 f   LIBCMT:mbctype.obj
 0001:000121f9       __setmbcp_nolock           100131f9 f   LIBCMT:mbctype.obj
 0001:000123e2       __setmbcp                  100133e2 f   LIBCMT:mbctype.obj
 0001:0001257c       ___initmbctable            1001357c f   LIBCMT:mbctype.obj
 0001:0001259a       ___addlocaleref            1001359a f   LIBCMT:localref.obj
 0001:00012629       ___removelocaleref         10013629 f   LIBCMT:localref.obj
 0001:000126c2       ___freetlocinfo            100136c2 f   LIBCMT:localref.obj
 0001:0001280d       __updatetlocinfoEx_nolock  1001380d f   LIBCMT:localref.obj
 0001:0001285a       ___updatetlocinfo          1001385a f   LIBCMT:localref.obj
 0001:000128d3       __fltin2                   100138d3 f   LIBCMT:_cfin_.obj
 0001:0001297a       __isctype_l                1001397a f   LIBCMT:isctype.obj
 0001:00012a32       @__security_check_cookie@4 10013a32 f   LIBCMT:secchk.obj
 0001:00012a41       ___strgtold12_l            10013a41 f   LIBCMT:_strgtold_.obj
 0001:0001311d       __flsbuf                   1001411d f   LIBCMT:_flsbuf.obj
 0001:00013281       __freea                    10014281 f i LIBCMT:a_map.obj
 0001:00013488       ___crtLCMapStringA         10014488 f   LIBCMT:a_map.obj
 0001:000134ce       __isleadbyte_l             100144ce f i LIBCMT:_wctype.obj
 0001:00013506       _isleadbyte                10014506 f i LIBCMT:_wctype.obj
 0001:00013519       __VEC_memzero              10014519 f   LIBCMT:p4_memset.obj
 0001:000135d3       __mtinitlocks              100145d3 f   LIBCMT:mlock.obj
 0001:0001361d       __mtdeletelocks            1001461d f   LIBCMT:mlock.obj
 0001:00013674       __unlock                   10014674 f   LIBCMT:mlock.obj
 0001:0001368b       __mtinitlocknum            1001468b f   LIBCMT:mlock.obj
 0001:0001374d       __lock                     1001474d f   LIBCMT:mlock.obj
 0001:00013780       __aulldvrm                 10014780 f   LIBCMT:ulldvrm.obj
 0001:00013820       ___libm_error_support      10014820 f   LIBCMT:_libm_error_.obj
 0001:00013aec       __sse2_mathfcns_init       10014aec f   LIBCMT:_mathfcns_.obj
 0001:00013afc       __floor_default            10014afc f   LIBCMT:_floor_.obj
 0001:00013bf0       __CIpow_pentium4           10014bf0 f   LIBCMT:_pow_pentium4_.obj
 0001:00013c09       __pow_pentium4             10014c09     LIBCMT:_pow_pentium4_.obj
 0001:00014761       __fFEXP                    10015761     LIBCMT:_87tran_.obj
 0001:000147b8       __rtinfpopse               100157b8     LIBCMT:_87tran_.obj
 0001:000147ba       __rtinfnpopse              100157ba     LIBCMT:_87tran_.obj
 0001:000147ca       __fFLN                     100157ca     LIBCMT:_87tran_.obj
 0001:0001487f       __rtinfpop                 1001587f     LIBCMT:_87tran_.obj
 0001:00014881       __rtinfnpop                10015881     LIBCMT:_87tran_.obj
 0001:0001489e       __ffexpm1                  1001589e     LIBCMT:_87tran_.obj
 0001:00014950       __startTwoArgErrorHandling 10015950 f   LIBCMT:_genexcep_.obj
 0001:00014967       __startOneArgErrorHandling 10015967 f   LIBCMT:_genexcep_.obj
 0001:000149b0       __twoToTOS                 100159b0 f   LIBCMT:_common_.obj
 0001:000149c5       __load_CW                  100159c5 f   LIBCMT:_common_.obj
 0001:000149dc       __convertTOStoQNaN         100159dc f   LIBCMT:_common_.obj
 0001:000149f5       __fload_withFB             100159f5 f   LIBCMT:_common_.obj
 0001:00014a38       __checkTOS_withFB          10015a38 f   LIBCMT:_common_.obj
 0001:00014a4e       __fast_exit                10015a4e f   LIBCMT:_common_.obj
 0001:00014a5b       __math_exit                10015a5b f   LIBCMT:_common_.obj
 0001:00014a85       __check_overflow_exit      10015a85 f   LIBCMT:_common_.obj
 0001:00014a99       __check_range_exit         10015a99 f   LIBCMT:_common_.obj
 0001:00014b3c       __d_inttype                10015b3c f   LIBCMT:_powhlp_.obj
 0001:00014ba6       __powhlp                   10015ba6 f   LIBCMT:_powhlp_.obj
 0001:00014ce0       __CIacos_pentium4          10015ce0 f   LIBCMT:_acos_pentium4_.obj
 0001:00014cf8       __acos_pentium4            10015cf8     LIBCMT:_acos_pentium4_.obj
 0001:00015240       _cos                       10016240 f   LIBCMT:_cos_.obj
 0001:00015280       __CIcos                    10016280 f   LIBCMT:_cos_.obj
 0001:000152bb       __CIcos_default            100162bb f   LIBCMT:_cos_.obj
 0001:000152cf       __cos_default              100162cf     LIBCMT:_cos_.obj
 0001:00015370       _sin                       10016370 f   LIBCMT:_sin_.obj
 0001:000153b0       __CIsin                    100163b0 f   LIBCMT:_sin_.obj
 0001:000153eb       __CIsin_default            100163eb f   LIBCMT:_sin_.obj
 0001:000153ff       __sin_default              100163ff     LIBCMT:_sin_.obj
 0001:000154a0       _tan                       100164a0 f   LIBCMT:_tan_.obj
 0001:000154e0       __CItan                    100164e0 f   LIBCMT:_tan_.obj
 0001:0001551b       __CItan_default            1001651b f   LIBCMT:_tan_.obj
 0001:0001552f       __tan_default              1001652f     LIBCMT:_tan_.obj
 0001:000155d0       __CIasin_pentium4          100165d0 f   LIBCMT:_asin_pentium4_.obj
 0001:000155e8       __asin_pentium4            100165e8     LIBCMT:_asin_pentium4_.obj
 0001:00015b50       _strrchr                   10016b50 f   LIBCMT:strrchr.obj
 0001:00015b7d       __isdigit_l                10016b7d f i LIBCMT:_ctype.obj
 0001:00015bce       _isdigit                   10016bce f i LIBCMT:_ctype.obj
 0001:00015bfc       __isxdigit_l               10016bfc f i LIBCMT:_ctype.obj
 0001:00015c52       _isxdigit                  10016c52 f i LIBCMT:_ctype.obj
 0001:00015c82       __isspace_l                10016c82 f i LIBCMT:_ctype.obj
 0001:00015cd3       _isspace                   10016cd3 f i LIBCMT:_ctype.obj
 0001:00015d01       __atodbl_l                 10016d01 f   LIBCMT:atodbl.obj
 0001:00015da9       __atoflt_l                 10016da9 f   LIBCMT:atodbl.obj
 0001:00015e51       _strcpy_s                  10016e51 f   LIBCMT:strcpy_s.obj
 0001:00015eb0       __fptostr                  10016eb0 f   LIBCMT:_fptostr.obj
 0001:00015f63       ___dtold                   10016f63 f   LIBCMT:_cfout_.obj
 0001:00016016       __fltout2                  10017016 f   LIBCMT:_cfout_.obj
 0001:000160b0       __alldvrm                  100170b0 f   LIBCMT:lldvrm.obj
 0001:00016190       __aullshr                  10017190 f   LIBCMT:ullshr.obj
 0001:000161af       __fptrap                   100171af f   LIBCMT:crt0fp.obj
 0001:000161b8       __controlfp_s              100171b8 f   LIBCMT:_contrlfp_.obj
 0001:00016217       __87except                 10017217 f   LIBCMT:_87except_.obj
 0001:00016356       __calloc_impl              10017356 f   LIBCMT:calloc_impl.obj
 0001:000163d8       _realloc                   100173d8 f   LIBCMT:realloc.obj
 0001:00016485       __recalloc                 10017485 f   LIBCMT:recalloc.obj
 0001:000164f3       ?terminate@@YAXXZ          100174f3 f   LIBCMT:hooks.obj
 0001:0001652c       __initp_eh_hooks           1001752c f   LIBCMT:hooks.obj
 0001:0001653d       __initp_misc_winsig        1001753d f   LIBCMT:winsig.obj
 0001:00016592       ___get_sigabrt             10017592 f   LIBCMT:winsig.obj
 0001:0001659f       _raise                     1001759f f   LIBCMT:winsig.obj
 0001:00016742       __initp_misc_rand_s        10017742 f   LIBCMT:rand_s.obj
 0001:00016760       __ValidateImageBase        10017760 f   LIBCMT:pesect.obj
 0001:000167a0       __FindPESection            100177a0 f   LIBCMT:pesect.obj
 0001:000167f0       __IsNonwritableInCurrentImage 100177f0 f   LIBCMT:pesect.obj
 0001:000168b0       __local_unwind4            100178b0 f   LIBCMT:exsup4.obj
 0001:00016986       __seh_longjmp_unwind4@4    10017986 f   LIBCMT:exsup4.obj
 0001:000169a2       @_EH4_CallFilterFunc@8     100179a2 f   LIBCMT:exsup4.obj
 0001:000169b9       @_EH4_TransferToHandler@8  100179b9 f   LIBCMT:exsup4.obj
 0001:000169d2       @_EH4_GlobalUnwind2@8      100179d2 f   LIBCMT:exsup4.obj
 0001:000169eb       @_EH4_LocalUnwind@16       100179eb f   LIBCMT:exsup4.obj
 0001:00016a02       ___crtMessageBoxW          10017a02 f   LIBCMT:crtmboxw.obj
 0001:00016b6e       _wcscat_s                  10017b6e f   LIBCMT:wcscat_s.obj
 0001:00016be3       _wcsncpy_s                 10017be3 f   LIBCMT:wcsncpy_s.obj
 0001:00016cb0       _wcslen                    10017cb0 f   LIBCMT:wcslen.obj
 0001:00016ccb       _wcscpy_s                  10017ccb f   LIBCMT:wcscpy_s.obj
 0001:00016d2e       __set_error_mode           10017d2e f   LIBCMT:errmode.obj
 0001:00016d6d       __fcloseall                10017d6d f   LIBCMT:closeall.obj
 0001:00016e09       __flush                    10017e09 f   LIBCMT:fflush.obj
 0001:00016e71       __fflush_nolock            10017e71 f   LIBCMT:fflush.obj
 0001:00016f93       __flushall                 10017f93 f   LIBCMT:fflush.obj
 0001:00016f9c       __isatty                   10017f9c f   LIBCMT:isatty.obj
 0001:00016ff2       __fileno                   10017ff2 f   LIBCMT:fileno.obj
 0001:00017018       __wctomb_s_l               10018018 f   LIBCMT:wctomb.obj
 0001:0001716d       _wctomb_s                  1001816d f   LIBCMT:wctomb.obj
 0001:0001718a       __crt_debugger_hook        1001818a f   LIBCMT:dbghook.obj
 0001:000171e5       __ismbblead                100181e5 f   LIBCMT:ismbbyte.obj
 0001:000171fd       __filbuf                   100181fd f   LIBCMT:_filbuf.obj
 0001:0001731f       __ungetc_nolock            1001831f f   LIBCMT:ungetc.obj
 0001:00017402       __mbtowc_l                 10018402 f   LIBCMT:mbtowc.obj
 0001:00017518       _mbtowc                    10018518 f   LIBCMT:mbtowc.obj
 0001:00017619       ___crtGetStringTypeA       10018619 f   LIBCMT:a_str.obj
 0001:00017659       ___free_lc_time            10018659 f   LIBCMT:inittime.obj
 0001:000179d0       ___free_lconv_num          100189d0 f   LIBCMT:initnum.obj
 0001:00017a39       ___free_lconv_mon          10018a39 f   LIBCMT:initmon.obj
 0001:00017b37       __ld12tod                  10018b37 f   LIBCMT:_intrncvt_.obj
 0001:00018088       __ld12tof                  10019088 f   LIBCMT:_intrncvt_.obj
 0001:000185d9       ___report_gsfailure        100195d9 f   LIBCMT:gs_report.obj
 0001:000186df       ___mtold12                 100196df f   LIBCMT:_mantold_.obj
 0001:000188c3       __lseeki64_nolock          100198c3 f   LIBCMT:lseeki64.obj
 0001:00018948       __lseeki64                 10019948 f   LIBCMT:lseeki64.obj
 0001:00018a32       __write_nolock             10019a32 f   LIBCMT:write.obj
 0001:0001912f       __write                    1001a12f f   LIBCMT:write.obj
 0001:00019203       __getbuf                   1001a203 f   LIBCMT:_getbuf.obj
 0001:00019250       _strcspn                   1001a250 f   LIBCMT:strcspn.obj
 0001:000192a0       _strpbrk                   1001a2a0 f   LIBCMT:strpbrk.obj
 0001:000192e0       __SEH_prolog4_GS           1001a2e0 f   LIBCMT:sehprolg4gs.obj
 0001:00019328       __SEH_epilog4_GS           1001a328 f   LIBCMT:sehprolg4gs.obj
 0001:00019337       __matherr                  1001a337 f   LIBCMT:_matherr_.obj
 0001:0001933a       __raise_exc_ex             1001a33a f   LIBCMT:_fpexcept_.obj
 0001:00019616       __raise_exc                1001a616 f   LIBCMT:_fpexcept_.obj
 0001:00019639       __handle_exc               1001a639 f   LIBCMT:_fpexcept_.obj
 0001:0001981d       __set_errno_from_matherr   1001a81d f   LIBCMT:_fpexcept_.obj
 0001:0001984a       __errcode                  1001a84a f   LIBCMT:_fpexcept_.obj
 0001:0001987e       __umatherr                 1001a87e f   LIBCMT:_fpexcept_.obj
 0001:0001991e       __handle_qnan1             1001a91e f   LIBCMT:_fpexcept_.obj
 0001:00019973       __except1                  1001a973 f   LIBCMT:_fpexcept_.obj
 0001:00019a3d       __frnd                     1001aa3d f   LIBCMT:_frnd_.obj
 0001:00019a51       __set_exp                  1001aa51 f   LIBCMT:_util_.obj
 0001:00019a7e       __sptype                   1001aa7e f   LIBCMT:_util_.obj
 0001:00019ae4       __decomp                   1001aae4 f   LIBCMT:_util_.obj
 0001:00019ba7       __statfp                   1001aba7 f   LIBCMT:_fpctrl_.obj
 0001:00019bb7       __clrfp                    1001abb7 f   LIBCMT:_fpctrl_.obj
 0001:00019bc8       __ctrlfp                   1001abc8 f   LIBCMT:_fpctrl_.obj
 0001:00019bf3       __set_statfp               1001abf3 f   LIBCMT:_fpctrl_.obj
 0001:00019c4b       ___set_fpsr_sse2           1001ac4b f   LIBCMT:_fpctrl_.obj
 0001:00019cbd       __fpclass                  1001acbd f   LIBCMT:_ieeemisc_.obj
 0001:00019d60       __CIcos_pentium4           1001ad60 f   LIBCMT:_cos_pentium4_.obj
 0001:00019d78       __cos_pentium4             1001ad78     LIBCMT:_cos_pentium4_.obj
 0001:00019f10       __CIsin_pentium4           1001af10 f   LIBCMT:_sin_pentium4_.obj
 0001:00019f28       __sin_pentium4             1001af28     LIBCMT:_sin_pentium4_.obj
 0001:0001a0e0       __CItan_pentium4           1001b0e0 f   LIBCMT:_tan_pentium4_.obj
 0001:0001a0f8       __tan_pentium4             1001b0f8     LIBCMT:_tan_pentium4_.obj
 0001:0001a340       _$I10_OUTPUT               1001b340 f   LIBCMT:_x10fout_.obj
 0001:0001ad66       __control87                1001bd66 f i LIBCMT:_ieee87_.obj
 0001:0001b080       __global_unwind2           1001c080 f   LIBCMT:exsup.obj
 0001:0001b0e5       __local_unwind2            1001c0e5 f   LIBCMT:exsup.obj
 0001:0001b169       __abnormal_termination     1001c169 f   LIBCMT:exsup.obj
 0001:0001b18c       __NLG_Notify1              1001c18c f   LIBCMT:exsup.obj
 0001:0001b195       __NLG_Notify               1001c195 f   LIBCMT:exsup.obj
 0001:0001b1ac       __NLG_Dispatch2            1001c1ac     LIBCMT:exsup.obj
 0001:0001b1ac       __NLG_Dispatch             1001c1ac     LIBCMT:exsup.obj
 0001:0001b1b4       __NLG_Call                 1001c1b4 f   LIBCMT:exsup.obj
 0001:0001b1b6       __NLG_Return2              1001c1b6     LIBCMT:exsup.obj
 0001:0001b1b7       __fclose_nolock            1001c1b7 f   LIBCMT:fclose.obj
 0001:0001b224       _fclose                    1001c224 f   LIBCMT:fclose.obj
 0001:0001b298       __commit                   1001c298 f   LIBCMT:commit.obj
 0001:0001b371       __read_nolock              1001c371 f   LIBCMT:read.obj
 0001:0001b928       __read                     1001c928 f   LIBCMT:read.obj
 0001:0001ba1e       __free_osfhnd              1001ca1e f   LIBCMT:osfinfo.obj
 0001:0001baa4       __get_osfhandle            1001caa4 f   LIBCMT:osfinfo.obj
 0001:0001bb0d       ___lock_fhandle            1001cb0d f   LIBCMT:osfinfo.obj
 0001:0001bbac       __unlock_fhandle           1001cbac f   LIBCMT:osfinfo.obj
 0001:0001bbd3       __putwch_nolock            1001cbd3 f   LIBCMT:putwch.obj
 0001:0001bc15       __close_nolock             1001cc15 f   LIBCMT:close.obj
 0001:0001bcb1       __close                    1001ccb1 f   LIBCMT:close.obj
 0001:0001bd75       __freebuf                  1001cd75 f   LIBCMT:_freebuf.obj
 0001:0001bda6       ___initconout              1001cda6 f   LIBCMT:initcon.obj
 0001:0001bdc5       ___termconout              1001cdc5 f   LIBCMT:initcon.obj
 0001:0001bde0       ___ascii_strnicmp          1001cde0 f   LIBCMT:_strnicm.obj
 0001:0001be50       ?ConnectTier1Libraries@@YAXPAP6APAXPBDPAH@ZH@Z 1001ce50 f   tier1:tier1.obj
 0001:0001be60       ?DisconnectTier1Libraries@@YAXXZ 1001ce60 f   tier1:tier1.obj
 0001:0001be66       _RtlUnwind@16              1001ce66 f   kernel32:KERNEL32.dll
 0002:00000000       __imp__MultiByteToWideChar@24 1001e000     kernel32:KERNEL32.dll
 0002:00000004       __imp__WideCharToMultiByte@32 1001e004     kernel32:KERNEL32.dll
 0002:00000008       __imp__GetProcAddress@8    1001e008     kernel32:KERNEL32.dll
 0002:0000000c       __imp__GetCurrentProcessId@0 1001e00c     kernel32:KERNEL32.dll
 0002:00000010       __imp__CloseHandle@4       1001e010     kernel32:KERNEL32.dll
 0002:00000014       __imp__WriteConsoleW@20    1001e014     kernel32:KERNEL32.dll
 0002:00000018       __imp__SetStdHandle@8      1001e018     kernel32:KERNEL32.dll
 0002:0000001c       __imp__ReadFile@20         1001e01c     kernel32:KERNEL32.dll
 0002:00000020       __imp__FlushFileBuffers@4  1001e020     kernel32:KERNEL32.dll
 0002:00000024       __imp__GetConsoleMode@8    1001e024     kernel32:KERNEL32.dll
 0002:00000028       __imp__GetConsoleCP@0      1001e028     kernel32:KERNEL32.dll
 0002:0000002c       __imp__SetFilePointer@16   1001e02c     kernel32:KERNEL32.dll
 0002:00000030       __imp__GetStringTypeW@16   1001e030     kernel32:KERNEL32.dll
 0002:00000034       __imp__RtlUnwind@16        1001e034     kernel32:KERNEL32.dll
 0002:00000038       __imp__LoadLibraryW@4      1001e038     kernel32:KERNEL32.dll
 0002:0000003c       __imp__HeapReAlloc@16      1001e03c     kernel32:KERNEL32.dll
 0002:00000040       __imp__EncodePointer@4     1001e040     kernel32:KERNEL32.dll
 0002:00000044       __imp__DecodePointer@4     1001e044     kernel32:KERNEL32.dll
 0002:00000048       __imp__GetCurrentThreadId@0 1001e048     kernel32:KERNEL32.dll
 0002:0000004c       __imp__GetCommandLineA@0   1001e04c     kernel32:KERNEL32.dll
 0002:00000050       __imp__GetLastError@0      1001e050     kernel32:KERNEL32.dll
 0002:00000054       __imp__IsProcessorFeaturePresent@4 1001e054     kernel32:KERNEL32.dll
 0002:00000058       __imp__Sleep@4             1001e058     kernel32:KERNEL32.dll
 0002:0000005c       __imp__HeapSize@12         1001e05c     kernel32:KERNEL32.dll
 0002:00000060       __imp__GetModuleHandleW@4  1001e060     kernel32:KERNEL32.dll
 0002:00000064       __imp__ExitProcess@4       1001e064     kernel32:KERNEL32.dll
 0002:00000068       __imp__WriteFile@20        1001e068     kernel32:KERNEL32.dll
 0002:0000006c       __imp__GetStdHandle@4      1001e06c     kernel32:KERNEL32.dll
 0002:00000070       __imp__GetModuleFileNameW@12 1001e070     kernel32:KERNEL32.dll
 0002:00000074       __imp__EnterCriticalSection@4 1001e074     kernel32:KERNEL32.dll
 0002:00000078       __imp__LeaveCriticalSection@4 1001e078     kernel32:KERNEL32.dll
 0002:0000007c       __imp__UnhandledExceptionFilter@4 1001e07c     kernel32:KERNEL32.dll
 0002:00000080       __imp__SetUnhandledExceptionFilter@4 1001e080     kernel32:KERNEL32.dll
 0002:00000084       __imp__IsDebuggerPresent@0 1001e084     kernel32:KERNEL32.dll
 0002:00000088       __imp__TerminateProcess@8  1001e088     kernel32:KERNEL32.dll
 0002:0000008c       __imp__GetCurrentProcess@0 1001e08c     kernel32:KERNEL32.dll
 0002:00000090       __imp__HeapFree@12         1001e090     kernel32:KERNEL32.dll
 0002:00000094       __imp__HeapAlloc@12        1001e094     kernel32:KERNEL32.dll
 0002:00000098       __imp__RaiseException@16   1001e098     kernel32:KERNEL32.dll
 0002:0000009c       __imp__TlsAlloc@0          1001e09c     kernel32:KERNEL32.dll
 0002:000000a0       __imp__TlsGetValue@4       1001e0a0     kernel32:KERNEL32.dll
 0002:000000a4       __imp__TlsSetValue@8       1001e0a4     kernel32:KERNEL32.dll
 0002:000000a8       __imp__TlsFree@4           1001e0a8     kernel32:KERNEL32.dll
 0002:000000ac       __imp__InterlockedIncrement@4 1001e0ac     kernel32:KERNEL32.dll
 0002:000000b0       __imp__SetLastError@4      1001e0b0     kernel32:KERNEL32.dll
 0002:000000b4       __imp__InterlockedDecrement@4 1001e0b4     kernel32:KERNEL32.dll
 0002:000000b8       __imp__SetHandleCount@4    1001e0b8     kernel32:KERNEL32.dll
 0002:000000bc       __imp__InitializeCriticalSectionAndSpinCount@8 1001e0bc     kernel32:KERNEL32.dll
 0002:000000c0       __imp__GetFileType@4       1001e0c0     kernel32:KERNEL32.dll
 0002:000000c4       __imp__GetStartupInfoW@4   1001e0c4     kernel32:KERNEL32.dll
 0002:000000c8       __imp__DeleteCriticalSection@4 1001e0c8     kernel32:KERNEL32.dll
 0002:000000cc       __imp__GetModuleFileNameA@12 1001e0cc     kernel32:KERNEL32.dll
 0002:000000d0       __imp__FreeEnvironmentStringsW@4 1001e0d0     kernel32:KERNEL32.dll
 0002:000000d4       __imp__GetEnvironmentStringsW@0 1001e0d4     kernel32:KERNEL32.dll
 0002:000000d8       __imp__HeapCreate@12       1001e0d8     kernel32:KERNEL32.dll
 0002:000000dc       __imp__HeapDestroy@4       1001e0dc     kernel32:KERNEL32.dll
 0002:000000e0       __imp__QueryPerformanceCounter@4 1001e0e0     kernel32:KERNEL32.dll
 0002:000000e4       __imp__GetTickCount@0      1001e0e4     kernel32:KERNEL32.dll
 0002:000000e8       __imp__GetSystemTimeAsFileTime@4 1001e0e8     kernel32:KERNEL32.dll
 0002:000000ec       __imp__GetCPInfo@8         1001e0ec     kernel32:KERNEL32.dll
 0002:000000f0       __imp__GetACP@0            1001e0f0     kernel32:KERNEL32.dll
[...]
 0003:00014b78       __maxwait                  1004db78     LIBCMT:crtheap.obj
 0003:00014b7c       __umaskval                 1004db7c     LIBCMT:crt0dat.obj
 0003:00014b80       ___argc                    1004db80     LIBCMT:crt0dat.obj
 0003:00014b84       ___argv                    1004db84     LIBCMT:crt0dat.obj
 0003:00014b88       ___wargv                   1004db88     LIBCMT:crt0dat.obj
 0003:00014b8c       __environ                  1004db8c     LIBCMT:crt0dat.obj
 0003:00014b90       ___initenv                 1004db90     LIBCMT:crt0dat.obj
 0003:00014b94       __wenviron                 1004db94     LIBCMT:crt0dat.obj
 0003:00014b98       ___winitenv                1004db98     LIBCMT:crt0dat.obj
 0003:00014b9c       __pgmptr                   1004db9c     LIBCMT:crt0dat.obj
 0003:00014ba0       __wpgmptr                  1004dba0     LIBCMT:crt0dat.obj
 0003:00014ba4       __exitflag                 1004dba4     LIBCMT:crt0dat.obj
 0003:00014ba8       __C_Termination_Done       1004dba8     LIBCMT:crt0dat.obj
 0003:00014bac       __C_Exit_Done              1004dbac     LIBCMT:crt0dat.obj
 0003:000151e0       ___pPurecall               1004e1e0     LIBCMT:inithelp.obj
 0003:000151e4       __cflush                   1004e1e4     LIBCMT:_file.obj
 0003:000151e8       __stdbuf                   1004e1e8     LIBCMT:_sftbuf.obj
 0003:000151f0       ___pInvalidArgHandler      1004e1f0     LIBCMT:invarg.obj
 0003:000151f4       ?_pnhHeap@@3P6AHI@ZA       1004e1f4     LIBCMT:handler.obj
 0003:000151f8       _gpFlsAlloc                1004e1f8     LIBCMT:tidtable.obj
 0003:000151fc       _gpFlsGetValue             1004e1fc     LIBCMT:tidtable.obj
 0003:00015200       _gpFlsSetValue             1004e200     LIBCMT:tidtable.obj
 0003:00015204       _gpFlsFree                 1004e204     LIBCMT:tidtable.obj
 0003:00015310       __crtheap                  1004e310     LIBCMT:heapinit.obj
 0003:00015318       ___mbulinfo                1004e318     LIBCMT:mbctype.obj
 0003:00015324       ___mbcodepage              1004e324     LIBCMT:mbctype.obj
 0003:00015328       ___ismbcodepage            1004e328     LIBCMT:mbctype.obj
 0003:0001532c       ___mblcid                  1004e32c     LIBCMT:mbctype.obj
 0003:00015330       ___locale_changed          1004e330     LIBCMT:setlocal.obj
 0003:0001548c       __outputformat             1004e48c     LIBCMT:outputformat.obj
 0003:00015490       ?__pInconsistency@@3P6AXXZA 1004e490     LIBCMT:hooks.obj
 0003:000154c0       ?pArgList@UnDecorator@@0PAVReplicator@@A 1004e4c0     LIBCMT:undname.obj
 0003:000154c4       ?pZNameList@UnDecorator@@0PAVReplicator@@A 1004e4c4     LIBCMT:undname.obj
 0003:000154c8       ?pTemplateArgList@UnDecorator@@0PAVReplicator@@A 1004e4c8     LIBCMT:undname.obj
 0003:000154cc       ?gName@UnDecorator@@0PBDB  1004e4cc     LIBCMT:undname.obj
 0003:000154d0       ?name@UnDecorator@@0PBDB   1004e4d0     LIBCMT:undname.obj
 0003:000154d4       ?outputString@UnDecorator@@0PADA 1004e4d4     LIBCMT:undname.obj
 0003:000154d8       ?maxStringLength@UnDecorator@@0HA 1004e4d8     LIBCMT:undname.obj
 0003:000154dc       ?disableFlags@UnDecorator@@0KA 1004e4dc     LIBCMT:undname.obj
 0003:000154e0       ?m_pGetParameter@UnDecorator@@0P6APADJ@ZA 1004e4e0     LIBCMT:undname.obj
 0003:000154e4       ?fExplicitTemplateParams@UnDecorator@@0_NA 1004e4e4     LIBCMT:undname.obj
 0003:000154e5       ?fGetTemplateArgumentList@UnDecorator@@0_NA 1004e4e5     LIBCMT:undname.obj
 0003:000154fc       __newmode                  1004e4fc     LIBCMT:_newmode.obj
 0003:00015500       ___lconv_static_null       1004e500     LIBCMT:lconv.obj
 0003:00015504       ___lconv_static_W_null     1004e504     LIBCMT:lconv.obj
 0003:00015838       __debugger_hook_dummy      1004e838     <common>
 0003:0001583c       ___use_sse2_mathfcns       1004e83c     <common>
 0003:00015840       __pmatherr                 1004e840     <common>
 0003:00015844       __nhandle                  1004e844     <common>
 0003:00015860       ___pioinfo                 1004e860     <common>
 0003:00015960       ___piob                    1004e960     <common>
 0003:00015980       __bufin                    1004e980     <common>
 0003:00016980       __nstream                  1004f980     <common>
 0003:00016984       __pDestructExceptionObject 1004f984     <common>
 0003:00016988       ___env_initialized         1004f988     <common>
 0003:0001698c       ___onexitend               1004f98c     <common>
 0003:00016990       ___onexitbegin             1004f990     <common>
 0003:00016994       ___mbctype_initialized     1004f994     <common>
 0003:00016998       ___dyn_tls_init_callback   1004f998     <common>
 0003:0001699c       ___sse2_available          1004f99c     <common>
 0003:000169a0       __acmdln                   1004f9a0     <common>

 entry point at        0001:0000b1dc

 Static symbols

 0001:00005cd0       ?__CreateCDeferredExtensionIDeferredExtension_interface@@YAPAXXZ 10006cd0 f   IDeferredExt.obj
 0001:0000a8eb       __onexit_nolock            1000b8eb f   LIBCMT:onexit.obj
 0001:0000b0e6       ___DllMainCRTStartup       1000c0e6 f   LIBCMT:dllcrt0.obj
 0001:0000b1ff       _vscan_fn                  1000c1ff f   LIBCMT:sscanf.obj
 0001:0000d3a4       __shift                    1000e3a4 f   LIBCMT:cvt.obj
 0001:0000d3e9       __cftoe2_l                 1000e3e9 f   LIBCMT:cvt.obj
 0001:0000d9a7       __cftof2_l                 1000e9a7 f   LIBCMT:cvt.obj
 0001:0000e451       _doexit                    1000f451 f   LIBCMT:crt0dat.obj
 0001:0000edbe       _write_char                1000fdbe f   LIBCMT:output.obj
 0001:0000edf1       _write_string              1000fdf1 f   LIBCMT:output.obj
 0001:000107f5       _parse_cmdline             100117f5 f   LIBCMT:stdargv.obj
 0001:00010dfb       ___check_float_string      10011dfb f   LIBCMT:input.obj
 0001:00010e52       __hextodec                 10011e52 f   LIBCMT:input.obj
 0001:00010e72       __inc                      10011e72 f   LIBCMT:input.obj
 0001:00010e88       __whiteout                 10011e88 f   LIBCMT:input.obj
 0001:00011eb6       ?CPtoLCID@@YAHH@Z          10012eb6 f   LIBCMT:mbctype.obj
 0001:00011ee5       ?setSBCS@@YAXPAUthreadmbcinfostruct@@@Z 10012ee5 f   LIBCMT:mbctype.obj
 0001:00011f49       ?setSBUpLow@@YAXPAUthreadmbcinfostruct@@@Z 10012f49 f   LIBCMT:mbctype.obj
 0001:0001217d       ?getSystemCP@@YAHH@Z       1001317d f   LIBCMT:mbctype.obj
 0001:000132a1       ?__crtLCMapStringA_stat@@YAHPAUlocaleinfo_struct@@KKPBDHPADHHH@Z 100142a1 f   LIBCMT:a_map.obj
 0001:0001655b       _siglookup                 1001755b f   LIBCMT:winsig.obj
 0001:00016940       __unwind_handler4          10017940 f   LIBCMT:exsup4.obj
 0001:00016eb9       _flsall                    10017eb9 f   LIBCMT:fflush.obj
 0001:00017192       ?x_ismbbtype_l@@YAHPAUlocaleinfo_struct@@IHH@Z 10018192 f   LIBCMT:ismbbyte.obj
 0001:00017532       ?__crtGetStringTypeA_stat@@YAHPAUlocaleinfo_struct@@KPBDHPAGHHH@Z 10018532 f   LIBCMT:a_str.obj
 0001:0001ac38       __hw_cw                    1001bc38 f   LIBCMT:_ieee87_.obj
 0001:0001acc6       ___hw_cw_sse2              1001bcc6 f   LIBCMT:_ieee87_.obj
 0001:0001b0a0       __unwind_handler           1001c0a0 f   LIBCMT:exsup.obj
 0001:0001be70       ??__Emat_fullbright@@YAXXZ 1001ce70 f   BaseVSShader.obj
 0001:0001bea0       ??__Es_ShaderParams@GAUSSIAN_BLUR_6@@YAXXZ 1001cea0 f   blur.obj
 0001:0001beb0       ??__EISVERTICAL@GAUSSIAN_BLUR_6@@YAXXZ 1001ceb0 f   blur.obj
 0001:0001bed0       ??__Es_ShaderInstance@GAUSSIAN_BLUR_6@@YAXXZ 1001ced0 f   blur.obj
 0001:0001bef0       ??__Es_ShaderParams@DEBUG_LIGHTING_CTRL@@YAXXZ 1001cef0 f   debug_lightingctrl.obj
 0001:0001bf00       ??__Es_ShaderInstance@DEBUG_LIGHTING_CTRL@@YAXXZ 1001cf00 f   debug_lightingctrl.obj
 0001:0001bf20       ??__Es_ShaderParams@DEBUG_RADIOSITY_GRID@@YAXXZ 1001cf20 f   debug_radiosity_grid.obj
 0001:0001bf30       ??__Es_ShaderInstance@DEBUG_RADIOSITY_GRID@@YAXXZ 1001cf30 f   debug_radiosity_grid.obj
 0001:0001bf50       ??__Es_ShaderParams@DEBUG_SHADOW@@YAXXZ 1001cf50 f   debug_shadow.obj
 0001:0001bf60       ??__Es_ShaderInstance@DEBUG_SHADOW@@YAXXZ 1001cf60 f   debug_shadow.obj
 0001:0001bf80       ??__Es_ShaderParams@DEFERRED_BRUSH@@YAXXZ 1001cf80 f   deferred_brush.obj
 0001:0001bf90       ??__EBUMPMAP@DEFERRED_BRUSH@@YAXXZ 1001cf90 f   deferred_brush.obj
 0001:0001bfb0       ??__ESSBUMP@DEFERRED_BRUSH@@YAXXZ 1001cfb0 f   deferred_brush.obj
 0001:0001bfd0       ??__ELITFACE@DEFERRED_BRUSH@@YAXXZ 1001cfd0 f   deferred_brush.obj
 0001:0001c000       ??__EPHONG_SCALE@DEFERRED_BRUSH@@YAXXZ 1001d000 f   deferred_brush.obj
 0001:0001c020       ??__EPHONG_EXP@DEFERRED_BRUSH@@YAXXZ 1001d020 f   deferred_brush.obj
 0001:0001c040       ??__EPHONG_EXP2@DEFERRED_BRUSH@@YAXXZ 1001d040 f   deferred_brush.obj
 0001:0001c060       ??__EPHONG_MAP@DEFERRED_BRUSH@@YAXXZ 1001d060 f   deferred_brush.obj
 0001:0001c080       ??__EPHONG_FRESNEL@DEFERRED_BRUSH@@YAXXZ 1001d080 f   deferred_brush.obj
 0001:0001c0a0       ??__EFRESNELRANGES@DEFERRED_BRUSH@@YAXXZ 1001d0a0 f   deferred_brush.obj
 0001:0001c0c0       ??__EALPHATESTREFERENCE@DEFERRED_BRUSH@@YAXXZ 1001d0c0 f   deferred_brush.obj
 0001:0001c0e0       ??__EENVMAP@DEFERRED_BRUSH@@YAXXZ 1001d0e0 f   deferred_brush.obj
 0001:0001c100       ??__EENVMAPTINT@DEFERRED_BRUSH@@YAXXZ 1001d100 f   deferred_brush.obj
 0001:0001c120       ??__EENVMAPCONTRAST@DEFERRED_BRUSH@@YAXXZ 1001d120 f   deferred_brush.obj
 0001:0001c140       ??__EENVMAPSATURATION@DEFERRED_BRUSH@@YAXXZ 1001d140 f   deferred_brush.obj
 0001:0001c160       ??__EENVMAPMASK@DEFERRED_BRUSH@@YAXXZ 1001d160 f   deferred_brush.obj
 0001:0001c180       ??__ESELFILLUMTINT@DEFERRED_BRUSH@@YAXXZ 1001d180 f   deferred_brush.obj
 0001:0001c1a0       ??__ESELFILLUM_ENVMAPMASK_ALPHA@DEFERRED_BRUSH@@YAXXZ 1001d1a0 f   deferred_brush.obj
 0001:0001c1c0       ??__ESELFILLUMFRESNEL@DEFERRED_BRUSH@@YAXXZ 1001d1c0 f   deferred_brush.obj
 0001:0001c1e0       ??__ESELFILLUMMASK@DEFERRED_BRUSH@@YAXXZ 1001d1e0 f   deferred_brush.obj
 0001:0001c200       ??__EBASETEXTURE2@DEFERRED_BRUSH@@YAXXZ 1001d200 f   deferred_brush.obj
 0001:0001c220       ??__EBUMPMAP2@DEFERRED_BRUSH@@YAXXZ 1001d220 f   deferred_brush.obj
 0001:0001c240       ??__EENVMAPMASK2@DEFERRED_BRUSH@@YAXXZ 1001d240 f   deferred_brush.obj
 0001:0001c260       ??__EBLENDMODULATETEXTURE@DEFERRED_BRUSH@@YAXXZ 1001d260 f   deferred_brush.obj
 0001:0001c280       ??__EBLENDMASKTRANSFORM@DEFERRED_BRUSH@@YAXXZ 1001d280 f   deferred_brush.obj
 0001:0001c2a0       ??__EMULTIBLEND@DEFERRED_BRUSH@@YAXXZ 1001d2a0 f   deferred_brush.obj
 0001:0001c2c0       ??__EBASETEXTURE3@DEFERRED_BRUSH@@YAXXZ 1001d2c0 f   deferred_brush.obj
 0001:0001c2e0       ??__EBASETEXTURE4@DEFERRED_BRUSH@@YAXXZ 1001d2e0 f   deferred_brush.obj
 0001:0001c300       ??__EBUMPMAP3@DEFERRED_BRUSH@@YAXXZ 1001d300 f   deferred_brush.obj
 0001:0001c320       ??__EBUMPMAP4@DEFERRED_BRUSH@@YAXXZ 1001d320 f   deferred_brush.obj
 0001:0001c340       ??__EBLENDMODULATETEXTURE2@DEFERRED_BRUSH@@YAXXZ 1001d340 f   deferred_brush.obj
 0001:0001c360       ??__EBLENDMODULATETEXTURE3@DEFERRED_BRUSH@@YAXXZ 1001d360 f   deferred_brush.obj
 0001:0001c380       ??__EBLENDMASKTRANSFORM2@DEFERRED_BRUSH@@YAXXZ 1001d380 f   deferred_brush.obj
 0001:0001c3a0       ??__EBLENDMASKTRANSFORM3@DEFERRED_BRUSH@@YAXXZ 1001d3a0 f   deferred_brush.obj
 0001:0001c3c0       ??__Es_ShaderInstance@DEFERRED_BRUSH@@YAXXZ 1001d3c0 f   deferred_brush.obj
 0001:0001c3e0       ??__Es_ShaderParams@DEFERRED_DECALMODULATE@@YAXXZ 1001d3e0 f   deferred_decalModulate.obj
 0001:0001c3f0       ??__EFOGEXPONENT@DEFERRED_DECALMODULATE@@YAXXZ 1001d3f0 f   deferred_decalModulate.obj
 0001:0001c410       ??__EFOGSCALE@DEFERRED_DECALMODULATE@@YAXXZ 1001d410 f   deferred_decalModulate.obj
 0001:0001c430       ??__Es_ShaderInstance@DEFERRED_DECALMODULATE@@YAXXZ 1001d430 f   deferred_decalModulate.obj
 0001:0001c450       ??__Es_ShaderParams@DEFERRED_MODEL@@YAXXZ 1001d450 f   deferred_model.obj
 0001:0001c460       ??__EBUMPMAP@DEFERRED_MODEL@@YAXXZ 1001d460 f   deferred_model.obj
 0001:0001c480       ??__ELITFACE@DEFERRED_MODEL@@YAXXZ 1001d480 f   deferred_model.obj
 0001:0001c4a0       ??__EPHONG_SCALE@DEFERRED_MODEL@@YAXXZ 1001d4a0 f   deferred_model.obj
 0001:0001c4c0       ??__EPHONG_EXP@DEFERRED_MODEL@@YAXXZ 1001d4c0 f   deferred_model.obj
 0001:0001c4e0       ??__EPHONG_MAP@DEFERRED_MODEL@@YAXXZ 1001d4e0 f   deferred_model.obj
 0001:0001c500       ??__EPHONG_FRESNEL@DEFERRED_MODEL@@YAXXZ 1001d500 f   deferred_model.obj
 0001:0001c520       ??__EFRESNELRANGES@DEFERRED_MODEL@@YAXXZ 1001d520 f   deferred_model.obj
 0001:0001c540       ??__EALPHATESTREFERENCE@DEFERRED_MODEL@@YAXXZ 1001d540 f   deferred_model.obj
 0001:0001c560       ??__EENVMAP@DEFERRED_MODEL@@YAXXZ 1001d560 f   deferred_model.obj
 0001:0001c580       ??__EENVMAPTINT@DEFERRED_MODEL@@YAXXZ 1001d580 f   deferred_model.obj
 0001:0001c5a0       ??__EENVMAPCONTRAST@DEFERRED_MODEL@@YAXXZ 1001d5a0 f   deferred_model.obj
 0001:0001c5c0       ??__EENVMAPSATURATION@DEFERRED_MODEL@@YAXXZ 1001d5c0 f   deferred_model.obj
 0001:0001c5e0       ??__EENVMAPFRESNEL@DEFERRED_MODEL@@YAXXZ 1001d5e0 f   deferred_model.obj
 0001:0001c600       ??__EENVMAPMASK@DEFERRED_MODEL@@YAXXZ 1001d600 f   deferred_model.obj
 0001:0001c620       ??__ERIMLIGHT@DEFERRED_MODEL@@YAXXZ 1001d620 f   deferred_model.obj
 0001:0001c640       ??__ERIMLIGHTEXPONENT@DEFERRED_MODEL@@YAXXZ 1001d640 f   deferred_model.obj
 0001:0001c660       ??__ERIMLIGHTALBEDOSCALE@DEFERRED_MODEL@@YAXXZ 1001d660 f   deferred_model.obj
 0001:0001c680       ??__ERIMLIGHTTINT@DEFERRED_MODEL@@YAXXZ 1001d680 f   deferred_model.obj
 0001:0001c6a0       ??__ERIMLIGHT_MODULATE_BY_LIGHT@DEFERRED_MODEL@@YAXXZ 1001d6a0 f   deferred_model.obj
 0001:0001c6c0       ??__ESELFILLUMTINT@DEFERRED_MODEL@@YAXXZ 1001d6c0 f   deferred_model.obj
 0001:0001c6e0       ??__ESELFILLUM_ENVMAPMASK_ALPHA@DEFERRED_MODEL@@YAXXZ 1001d6e0 f   deferred_model.obj
 0001:0001c700       ??__ESELFILLUMFRESNEL@DEFERRED_MODEL@@YAXXZ 1001d700 f   deferred_model.obj
 0001:0001c720       ??__ESELFILLUMMASK@DEFERRED_MODEL@@YAXXZ 1001d720 f   deferred_model.obj
 0001:0001c740       ??__Es_ShaderInstance@DEFERRED_MODEL@@YAXXZ 1001d740 f   deferred_model.obj
 0001:0001c760       ??__Edeferred_radiosity_multiplier@@YAXXZ 1001d760 f   deferred_utility.obj
 0001:0001c790       ??__Ebuilding_cubemaps@@YAXXZ 1001d790 f   defpass_composite.obj
 0001:0001c7c0       ??__E__g_defExt@@YAXXZ     1001d7c0 f   IDeferredExt.obj
 0001:0001c7e0       ??__E__g_CreateCDeferredExtensionIDeferredExtension_reg@@YAXXZ 1001d7e0 f   IDeferredExt.obj
 0001:0001c800       ??__Es_ShaderParams@LIGHTING_GLOBAL@@YAXXZ 1001d800 f   lighting_global.obj
 0001:0001c810       ??__Es_ShaderInstance@LIGHTING_GLOBAL@@YAXXZ 1001d810 f   lighting_global.obj
 0001:0001c830       ??__Es_ShaderParams@LIGHTING_WORLD@@YAXXZ 1001d830 f   lighting_world.obj
 0001:0001c840       ??__ELIGHTTYPE@LIGHTING_WORLD@@YAXXZ 1001d840 f   lighting_world.obj
 0001:0001c860       ??__EWORLDPROJECTION@LIGHTING_WORLD@@YAXXZ 1001d860 f   lighting_world.obj
 0001:0001c880       ??__Es_ShaderInstance@LIGHTING_WORLD@@YAXXZ 1001d880 f   lighting_world.obj
 0001:0001c8a0       ??__Es_ShaderParams@LIGHTING_VOLUME@@YAXXZ 1001d8a0 f   lighting_volume.obj
 0001:0001c8b0       ??__ELIGHTTYPE@LIGHTING_VOLUME@@YAXXZ 1001d8b0 f   lighting_volume.obj
 0001:0001c8d0       ??__EWORLDPROJECTION@LIGHTING_VOLUME@@YAXXZ 1001d8d0 f   lighting_volume.obj
 0001:0001c8f0       ??__Es_ShaderInstance@LIGHTING_VOLUME@@YAXXZ 1001d8f0 f   lighting_volume.obj
 0001:0001c910       ??__Es_ShaderParams@RADIOSITY_BLEND@@YAXXZ 1001d910 f   radiosity_blend.obj
 0001:0001c920       ??__Es_ShaderInstance@RADIOSITY_BLEND@@YAXXZ 1001d920 f   radiosity_blend.obj
 0001:0001c940       ??__Es_ShaderParams@RADIOSITY_GLOBAL@@YAXXZ 1001d940 f   radiosity_global.obj
 0001:0001c950       ??__Es_ShaderInstance@RADIOSITY_GLOBAL@@YAXXZ 1001d950 f   radiosity_global.obj
 0001:0001c970       ??__Es_ShaderParams@RADIOSITY_PROPAGATE@@YAXXZ 1001d970 f   radiosity_propagate.obj
 0001:0001c980       ??__ENORMALMAP@RADIOSITY_PROPAGATE@@YAXXZ 1001d980 f   radiosity_propagate.obj
 0001:0001c9a0       ??__EBLUR@RADIOSITY_PROPAGATE@@YAXXZ 1001d9a0 f   radiosity_propagate.obj
 0001:0001c9c0       ??__Es_ShaderInstance@RADIOSITY_PROPAGATE@@YAXXZ 1001d9c0 f   radiosity_propagate.obj
 0001:0001c9e0       ??__Es_ShaderParams@SCREENSPACE_COMBINE@@YAXXZ 1001d9e0 f   screenspace_combine.obj
 0001:0001c9f0       ??__Es_ShaderInstance@SCREENSPACE_COMBINE@@YAXXZ 1001d9f0 f   screenspace_combine.obj
 0001:0001ca10       ??__Es_ShaderParams@SCREENSPACE_SHADING@@YAXXZ 1001da10 f   screenspace_shading.obj
 0001:0001ca20       ??__Es_ShaderInstance@SCREENSPACE_SHADING@@YAXXZ 1001da20 f   screenspace_shading.obj
 0001:0001ca40       ??__Es_ShaderParams@VOLUME_BLEND@@YAXXZ 1001da40 f   volume_blend.obj
 0001:0001ca50       ??__Es_ShaderInstance@VOLUME_BLEND@@YAXXZ 1001da50 f   volume_blend.obj
 0001:0001ca70       ??__Es_ShaderParams@VOLUME_PREPASS@@YAXXZ 1001da70 f   volume_prepass.obj
 0001:0001ca80       ??__Es_ShaderInstance@VOLUME_PREPASS@@YAXXZ 1001da80 f   volume_prepass.obj
 0001:0001caa0       ??__Es_EmptyConVar@@YAXXZ  1001daa0 f   tier1:convar.obj
 0001:0001cbd0       ??__Es_StringCharConversion@@YAXXZ 1001dbd0 f   tier1:utlbuffer.obj
 0001:0001cc30       ??__Es_NoEscConversion@@YAXXZ 1001dc30 f   tier1:utlbuffer.obj
 0001:0001cc60       ??__Emat_fullbright@@YAXXZ 1001dc60 f   shaderlib:BaseShader.obj
 0001:0001cc90       ??__E__g_CreateIShaderDLLInternal_reg@@YAXXZ 1001dc90 f   shaderlib:ShaderDLL.obj
 0001:0001ccb0       ??__Fmat_fullbright@@YAXXZ 1001dcb0 f   BaseVSShader.obj
 0001:0001ccc0       ??__Fs_ShaderParams@GAUSSIAN_BLUR_6@@YAXXZ 1001dcc0 f   blur.obj
 0001:0001ccd0       ??__Fs_ShaderParams@DEBUG_LIGHTING_CTRL@@YAXXZ 1001dcd0 f   debug_lightingctrl.obj
 0001:0001cce0       ??__Fs_ShaderParams@DEBUG_RADIOSITY_GRID@@YAXXZ 1001dce0 f   debug_radiosity_grid.obj
 0001:0001ccf0       ??__Fs_ShaderParams@DEBUG_SHADOW@@YAXXZ 1001dcf0 f   debug_shadow.obj
 0001:0001cd00       ??__Fs_ShaderParams@DEFERRED_BRUSH@@YAXXZ 1001dd00 f   deferred_brush.obj
 0001:0001cd10       ??__Fs_ShaderParams@DEFERRED_DECALMODULATE@@YAXXZ 1001dd10 f   deferred_decalModulate.obj
 0001:0001cd20       ??__Fs_ShaderParams@DEFERRED_MODEL@@YAXXZ 1001dd20 f   deferred_model.obj
 0001:0001cd30       ??__Fdeferred_radiosity_multiplier@@YAXXZ 1001dd30 f   deferred_utility.obj
 0001:0001cd40       ??__Fbuilding_cubemaps@@YAXXZ 1001dd40 f   defpass_composite.obj
 0001:0001cd50       ??__F__g_defExt@@YAXXZ     1001dd50 f   IDeferredExt.obj
 0001:0001cd60       ??__Fs_ShaderParams@LIGHTING_GLOBAL@@YAXXZ 1001dd60 f   lighting_global.obj
 0001:0001cd70       ??__Fs_ShaderParams@LIGHTING_WORLD@@YAXXZ 1001dd70 f   lighting_world.obj
 0001:0001cd80       ??__Fs_ShaderParams@LIGHTING_VOLUME@@YAXXZ 1001dd80 f   lighting_volume.obj
 0001:0001cd90       ??__Fs_ShaderParams@RADIOSITY_BLEND@@YAXXZ 1001dd90 f   radiosity_blend.obj
 0001:0001cda0       ??__Fs_ShaderParams@RADIOSITY_GLOBAL@@YAXXZ 1001dda0 f   radiosity_global.obj
 0001:0001cdb0       ??__Fs_ShaderParams@RADIOSITY_PROPAGATE@@YAXXZ 1001ddb0 f   radiosity_propagate.obj
 0001:0001cdc0       ??__Fs_ShaderParams@SCREENSPACE_COMBINE@@YAXXZ 1001ddc0 f   screenspace_combine.obj
 0001:0001cdd0       ??__Fs_ShaderParams@SCREENSPACE_SHADING@@YAXXZ 1001ddd0 f   screenspace_shading.obj
 0001:0001cde0       ??__Fs_ShaderParams@VOLUME_BLEND@@YAXXZ 1001dde0 f   volume_blend.obj
 0001:0001cdf0       ??__Fs_ShaderParams@VOLUME_PREPASS@@YAXXZ 1001ddf0 f   volume_prepass.obj
 0001:0001ce00       ??__Fs_EmptyConVar@@YAXXZ  1001de00 f   tier1:convar.obj
 0001:0001ce50       ??__Fmat_fullbright@@YAXXZ 1001de50 f   shaderlib:BaseShader.obj
 0001:0001ce5a       ??__Fnomem@?5???2@YAPAXI@Z@YAXXZ 1001de5a f   LIBCMT:new.obj
